Archive member included to satisfy reference by file (symbol)

d:/tools/gd32_risc_v/gcc/bin/../lib/gcc/riscv-nuclei-elf/9.2.0/rv32imac/ilp32\libgcc.a(divdf3.o)
                              ./src/bsp/bsp.o (__divdf3)
d:/tools/gd32_risc_v/gcc/bin/../lib/gcc/riscv-nuclei-elf/9.2.0/rv32imac/ilp32\libgcc.a(ledf2.o)
                              ./src/bsp/bsp.o (__ltdf2)
d:/tools/gd32_risc_v/gcc/bin/../lib/gcc/riscv-nuclei-elf/9.2.0/rv32imac/ilp32\libgcc.a(muldf3.o)
                              ./src/bsp/bsp.o (__muldf3)
d:/tools/gd32_risc_v/gcc/bin/../lib/gcc/riscv-nuclei-elf/9.2.0/rv32imac/ilp32\libgcc.a(fixunsdfsi.o)
                              ./src/bsp/bsp.o (__fixunsdfsi)
d:/tools/gd32_risc_v/gcc/bin/../lib/gcc/riscv-nuclei-elf/9.2.0/rv32imac/ilp32\libgcc.a(floatunsidf.o)
                              ./src/bsp/bsp.o (__floatunsidf)
d:/tools/gd32_risc_v/gcc/bin/../lib/gcc/riscv-nuclei-elf/9.2.0/rv32imac/ilp32\libgcc.a(floatundidf.o)
                              ./src/bsp/bsp.o (__floatundidf)
d:/tools/gd32_risc_v/gcc/bin/../lib/gcc/riscv-nuclei-elf/9.2.0/rv32imac/ilp32\libgcc.a(_lshrdi3.o)
                              d:/tools/gd32_risc_v/gcc/bin/../lib/gcc/riscv-nuclei-elf/9.2.0/rv32imac/ilp32\libgcc.a(floatundidf.o) (__lshrdi3)
d:/tools/gd32_risc_v/gcc/bin/../lib/gcc/riscv-nuclei-elf/9.2.0/rv32imac/ilp32\libgcc.a(_ashldi3.o)
                              d:/tools/gd32_risc_v/gcc/bin/../lib/gcc/riscv-nuclei-elf/9.2.0/rv32imac/ilp32\libgcc.a(floatundidf.o) (__ashldi3)
d:/tools/gd32_risc_v/gcc/bin/../lib/gcc/riscv-nuclei-elf/9.2.0/rv32imac/ilp32\libgcc.a(_clzsi2.o)
                              d:/tools/gd32_risc_v/gcc/bin/../lib/gcc/riscv-nuclei-elf/9.2.0/rv32imac/ilp32\libgcc.a(divdf3.o) (__clzsi2)
d:/tools/gd32_risc_v/gcc/bin/../lib/gcc/riscv-nuclei-elf/9.2.0/rv32imac/ilp32\libgcc.a(_clz.o)
                              d:/tools/gd32_risc_v/gcc/bin/../lib/gcc/riscv-nuclei-elf/9.2.0/rv32imac/ilp32\libgcc.a(_clzsi2.o) (__clz_tab)
d:/tools/gd32_risc_v/gcc/bin/../lib/gcc/riscv-nuclei-elf/9.2.0/../../../../riscv-nuclei-elf/lib/rv32imac/ilp32\libg_nano.a(lib_a-atexit.o)
                              ./src/bsp/startup/start.o (atexit)
d:/tools/gd32_risc_v/gcc/bin/../lib/gcc/riscv-nuclei-elf/9.2.0/../../../../riscv-nuclei-elf/lib/rv32imac/ilp32\libg_nano.a(lib_a-exit.o)
                              ./src/bsp/startup/start.o (exit)
d:/tools/gd32_risc_v/gcc/bin/../lib/gcc/riscv-nuclei-elf/9.2.0/../../../../riscv-nuclei-elf/lib/rv32imac/ilp32\libg_nano.a(lib_a-fini.o)
                              ./src/bsp/startup/start.o (__libc_fini_array)
d:/tools/gd32_risc_v/gcc/bin/../lib/gcc/riscv-nuclei-elf/9.2.0/../../../../riscv-nuclei-elf/lib/rv32imac/ilp32\libg_nano.a(lib_a-impure.o)
                              d:/tools/gd32_risc_v/gcc/bin/../lib/gcc/riscv-nuclei-elf/9.2.0/../../../../riscv-nuclei-elf/lib/rv32imac/ilp32\libg_nano.a(lib_a-exit.o) (_global_impure_ptr)
d:/tools/gd32_risc_v/gcc/bin/../lib/gcc/riscv-nuclei-elf/9.2.0/../../../../riscv-nuclei-elf/lib/rv32imac/ilp32\libg_nano.a(lib_a-init.o)
                              ./src/bsp/startup/start.o (__libc_init_array)
d:/tools/gd32_risc_v/gcc/bin/../lib/gcc/riscv-nuclei-elf/9.2.0/../../../../riscv-nuclei-elf/lib/rv32imac/ilp32\libg_nano.a(lib_a-memcpy.o)
                              ./src/hw/driver/cli.o (memcpy)
d:/tools/gd32_risc_v/gcc/bin/../lib/gcc/riscv-nuclei-elf/9.2.0/../../../../riscv-nuclei-elf/lib/rv32imac/ilp32\libg_nano.a(lib_a-strcmp.o)
                              ./src/hw/driver/cli.o (strcmp)
d:/tools/gd32_risc_v/gcc/bin/../lib/gcc/riscv-nuclei-elf/9.2.0/../../../../riscv-nuclei-elf/lib/rv32imac/ilp32\libg_nano.a(lib_a-strcpy.o)
                              ./src/hw/driver/cli.o (strcpy)
d:/tools/gd32_risc_v/gcc/bin/../lib/gcc/riscv-nuclei-elf/9.2.0/../../../../riscv-nuclei-elf/lib/rv32imac/ilp32\libg_nano.a(lib_a-strlen.o)
                              ./src/bsp/device/RISCV/stubs/write.o (strlen)
d:/tools/gd32_risc_v/gcc/bin/../lib/gcc/riscv-nuclei-elf/9.2.0/../../../../riscv-nuclei-elf/lib/rv32imac/ilp32\libg_nano.a(lib_a-strtod.o)
                              ./src/hw/driver/cli.o (strtof)
d:/tools/gd32_risc_v/gcc/bin/../lib/gcc/riscv-nuclei-elf/9.2.0/../../../../riscv-nuclei-elf/lib/rv32imac/ilp32\libg_nano.a(lib_a-strtok_r.o)
                              ./src/hw/driver/cli.o (strtok_r)
d:/tools/gd32_risc_v/gcc/bin/../lib/gcc/riscv-nuclei-elf/9.2.0/../../../../riscv-nuclei-elf/lib/rv32imac/ilp32\libg_nano.a(lib_a-strtoul.o)
                              ./src/hw/driver/cli.o (strtoul)
d:/tools/gd32_risc_v/gcc/bin/../lib/gcc/riscv-nuclei-elf/9.2.0/../../../../riscv-nuclei-elf/lib/rv32imac/ilp32\libg_nano.a(lib_a-sysisatty.o)
                              ./src/bsp/device/RISCV/stubs/fstat.o (isatty)
d:/tools/gd32_risc_v/gcc/bin/../lib/gcc/riscv-nuclei-elf/9.2.0/../../../../riscv-nuclei-elf/lib/rv32imac/ilp32\libg_nano.a(lib_a-syswrite.o)
                              ./src/bsp/device/RISCV/stubs/_exit.o (write)
[...]
Memory Configuration

Name             Origin             Length             Attributes
flash            0x0000000008000000 0x0000000000020000 axrl !w
ram              0x0000000020000000 0x0000000000008000 axw !rl
*default*        0x0000000000000000 0xffffffffffffffff

Linker script and memory map

LOAD ./src/lib/GD32VF103_standard_peripheral/Source/gd32vf103_adc.o
LOAD ./src/lib/GD32VF103_standard_peripheral/Source/gd32vf103_bkp.o
LOAD ./src/lib/GD32VF103_standard_peripheral/Source/gd32vf103_can.o
LOAD ./src/lib/GD32VF103_standard_peripheral/Source/gd32vf103_crc.o
LOAD ./src/lib/GD32VF103_standard_peripheral/Source/gd32vf103_dac.o
LOAD ./src/lib/GD32VF103_standard_peripheral/Source/gd32vf103_dbg.o
LOAD ./src/lib/GD32VF103_standard_peripheral/Source/gd32vf103_dma.o
LOAD ./src/lib/GD32VF103_standard_peripheral/Source/gd32vf103_eclic.o
LOAD ./src/lib/GD32VF103_standard_peripheral/Source/gd32vf103_exmc.o
LOAD ./src/lib/GD32VF103_standard_peripheral/Source/gd32vf103_exti.o
LOAD ./src/lib/GD32VF103_standard_peripheral/Source/gd32vf103_fmc.o
LOAD ./src/lib/GD32VF103_standard_peripheral/Source/gd32vf103_fwdgt.o
LOAD ./src/lib/GD32VF103_standard_peripheral/Source/gd32vf103_gpio.o
LOAD ./src/lib/GD32VF103_standard_peripheral/Source/gd32vf103_i2c.o
LOAD ./src/lib/GD32VF103_standard_peripheral/Source/gd32vf103_pmu.o
LOAD ./src/lib/GD32VF103_standard_peripheral/Source/gd32vf103_rcu.o
LOAD ./src/lib/GD32VF103_standard_peripheral/Source/gd32vf103_rtc.o
LOAD ./src/lib/GD32VF103_standard_peripheral/Source/gd32vf103_spi.o
LOAD ./src/lib/GD32VF103_standard_peripheral/Source/gd32vf103_timer.o
LOAD ./src/lib/GD32VF103_standard_peripheral/Source/gd32vf103_usart.o
LOAD ./src/lib/GD32VF103_standard_peripheral/Source/gd32vf103_wwdgt.o
LOAD ./src/lib/GD32VF103_standard_peripheral/system_gd32vf103.o
LOAD ./src/hw/driver/button.o
LOAD ./src/hw/driver/cli.o
LOAD ./src/hw/driver/led.o
LOAD ./src/hw/driver/log.o
LOAD ./src/hw/driver/uart.o
LOAD ./src/hw/hw.o
LOAD ./src/common/core/qbuffer.o
LOAD ./src/bsp/startup/entry.o
LOAD ./src/bsp/startup/start.o
LOAD ./src/bsp/device/RISCV/stubs/_exit.o
LOAD ./src/bsp/device/RISCV/stubs/close.o
LOAD ./src/bsp/device/RISCV/stubs/fstat.o
LOAD ./src/bsp/device/RISCV/stubs/isatty.o
LOAD ./src/bsp/device/RISCV/stubs/lseek.o
LOAD ./src/bsp/device/RISCV/stubs/read.o
LOAD ./src/bsp/device/RISCV/stubs/sbrk.o
LOAD ./src/bsp/device/RISCV/stubs/write.o
LOAD ./src/bsp/device/RISCV/stubs/write_hex.o
LOAD ./src/bsp/device/RISCV/drivers/n200_func.o
LOAD ./src/bsp/device/RISCV/handlers.o
LOAD ./src/bsp/device/RISCV/init.o
LOAD ./src/bsp/device/RISCV/your_printf.o
LOAD ./src/bsp/bsp.o
LOAD ./src/ap/ap.o
LOAD ./src/main.o
LOAD d:/tools/gd32_risc_v/gcc/bin/../lib/gcc/riscv-nuclei-elf/9.2.0/rv32imac/ilp32\libgcc.a
LOAD d:/tools/gd32_risc_v/gcc/bin/../lib/gcc/riscv-nuclei-elf/9.2.0/../../../../riscv-nuclei-elf/lib/rv32imac/ilp32\libg_nano.a
LOAD d:/tools/gd32_risc_v/gcc/bin/../lib/gcc/riscv-nuclei-elf/9.2.0/../../../../riscv-nuclei-elf/lib/rv32imac/ilp32\libc_nano.a
LOAD d:/tools/gd32_risc_v/gcc/bin/../lib/gcc/riscv-nuclei-elf/9.2.0/rv32imac/ilp32\libgcc.a
START GROUP
LOAD d:/tools/gd32_risc_v/gcc/bin/../lib/gcc/riscv-nuclei-elf/9.2.0/rv32imac/ilp32\libgcc.a
LOAD d:/tools/gd32_risc_v/gcc/bin/../lib/gcc/riscv-nuclei-elf/9.2.0/../../../../riscv-nuclei-elf/lib/rv32imac/ilp32\libc_nano.a
LOAD d:/tools/gd32_risc_v/gcc/bin/../lib/gcc/riscv-nuclei-elf/9.2.0/../../../../riscv-nuclei-elf/lib/rv32imac/ilp32\libgloss_nano.a
END GROUP
                0x0000000000000800                __stack_size = DEFINED (__stack_size)?__stack_size:0x800

.init           0x0000000008000000      0x230
 *(SORT_NONE(.init))
 .init          0x0000000008000000      0x230 ./src/bsp/startup/start.o
                0x000000000800015c                _start
                0x0000000008000222                disable_mcycle_minstret
                0x0000000008000228                enable_mcycle_minstret

.ilalign        0x0000000008000230        0x0
                0x0000000008000230                . = ALIGN (0x4)
                [!provide]                        PROVIDE (_ilm_lma = .)

.ialign         0x0000000008000230        0x0
                [!provide]                        PROVIDE (_ilm = .)

.text           0x0000000008000240     0x8d8a
 *(.rodata .rodata.*)
 .rodata        0x0000000008000240       0x10 ./src/lib/GD32VF103_standard_peripheral/Source/gd32vf103_rcu.o
 .rodata        0x0000000008000250       0x25 ./src/hw/driver/button.o
 *fill*         0x0000000008000275        0x3 
 .rodata        0x0000000008000278      0x15f ./src/hw/driver/cli.o
 *fill*         0x00000000080003d7        0x1 
 .rodata.led_tbl
                0x00000000080003d8       0x24 ./src/hw/driver/led.o
 .rodata        0x00000000080003fc       0x60 ./src/hw/hw.o
 .rodata        0x000000000800045c       0x23 ./src/bsp/device/RISCV/stubs/_exit.o
 *fill*         0x000000000800047f        0x1 
 .rodata        0x0000000008000480        0x3 ./src/bsp/device/RISCV/stubs/write_hex.o
 *fill*         0x0000000008000483        0x1 
 .rodata        0x0000000008000484        0xe ./src/bsp/device/RISCV/handlers.o
 *fill*         0x0000000008000492        0x6 
 .rodata        0x0000000008000498        0x8 ./src/bsp/bsp.o
 .rodata        0x00000000080004a0       0x10 ./src/ap/ap.o
 .rodata        0x00000000080004b0       0x3c d:/tools/gd32_risc_v/gcc/bin/../lib/gcc/riscv-nuclei-elf/9.2.0/rv32imac/ilp32\libgcc.a(divdf3.o)
 .rodata        0x00000000080004ec       0x3c d:/tools/gd32_risc_v/gcc/bin/../lib/gcc/riscv-nuclei-elf/9.2.0/rv32imac/ilp32\libgcc.a(muldf3.o)
 .rodata        0x0000000008000528      0x100 d:/tools/gd32_risc_v/gcc/bin/../lib/gcc/riscv-nuclei-elf/9.2.0/rv32imac/ilp32\libgcc.a(_clz.o)
                0x0000000008000528                __clz_tab
 .rodata._strtod_l.str1.4
                0x0000000008000628        0xf d:/tools/gd32_risc_v/gcc/bin/../lib/gcc/riscv-nuclei-elf/9.2.0/../../../../riscv-nuclei-elf/lib/rv32imac/ilp32\libg_nano.a(lib_a-strtod.o)
 *fill*         0x0000000008000637        0x1 
 .rodata._strtod_l
                0x0000000008000638       0x14 d:/tools/gd32_risc_v/gcc/bin/../lib/gcc/riscv-nuclei-elf/9.2.0/../../../../riscv-nuclei-elf/lib/rv32imac/ilp32\libg_nano.a(lib_a-strtod.o)
 .rodata.fpi.3374
                0x000000000800064c       0x14 d:/tools/gd32_risc_v/gcc/bin/../lib/gcc/riscv-nuclei-elf/9.2.0/../../../../riscv-nuclei-elf/lib/rv32imac/ilp32\libg_nano.a(lib_a-strtod.o)
 .rodata.fpinan.3410
                0x0000000008000660       0x14 d:/tools/gd32_risc_v/gcc/bin/../lib/gcc/riscv-nuclei-elf/9.2.0/../../../../riscv-nuclei-elf/lib/rv32imac/ilp32\libg_nano.a(lib_a-strtod.o)
 *fill*         0x0000000008000674        0x4 
 .rodata.tinytens
                0x0000000008000678       0x28 d:/tools/gd32_risc_v/gcc/bin/../lib/gcc/riscv-nuclei-elf/9.2.0/../../../../riscv-nuclei-elf/lib/rv32imac/ilp32\libg_nano.a(lib_a-strtod.o)
 .rodata._setlocale_r.str1.4
                0x00000000080006a0        0xa d:/tools/gd32_risc_v/gcc/bin/../lib/gcc/riscv-nuclei-elf/9.2.0/../../../../riscv-nuclei-elf/lib/rv32imac/ilp32\libg_nano.a(lib_a-locale.o)
                                          0xd (size before relaxing)
 *fill*         0x00000000080006aa        0x2 
 .rodata.str1.4
                0x00000000080006ac        0x2 d:/tools/gd32_risc_v/gcc/bin/../lib/gcc/riscv-nuclei-elf/9.2.0/../../../../riscv-nuclei-elf/lib/rv32imac/ilp32\libg_nano.a(lib_a-locale.o)
 *fill*         0x00000000080006ae        0x2 
 .rodata.__mprec_bigtens
                0x00000000080006b0       0x28 d:/tools/gd32_risc_v/gcc/bin/../lib/gcc/riscv-nuclei-elf/9.2.0/../../../../riscv-nuclei-elf/lib/rv32imac/ilp32\libg_nano.a(lib_a-mprec.o)
                0x00000000080006b0                __mprec_bigtens
 .rodata.__mprec_tens
                0x00000000080006d8       0xc8 d:/tools/gd32_risc_v/gcc/bin/../lib/gcc/riscv-nuclei-elf/9.2.0/../../../../riscv-nuclei-elf/lib/rv32imac/ilp32\libg_nano.a(lib_a-mprec.o)
                0x00000000080006d8                __mprec_tens
 .rodata.p05.3298
                0x00000000080007a0        0xc d:/tools/gd32_risc_v/gcc/bin/../lib/gcc/riscv-nuclei-elf/9.2.0/../../../../riscv-nuclei-elf/lib/rv32imac/ilp32\libg_nano.a(lib_a-mprec.o)
 .rodata._svfprintf_r.str1.4
                0x00000000080007ac       0x13 d:/tools/gd32_risc_v/gcc/bin/../lib/gcc/riscv-nuclei-elf/9.2.0/../../../../riscv-nuclei-elf/lib/rv32imac/ilp32\libg_nano.a(lib_a-nano-svfprintf.o)
 *fill*         0x00000000080007bf        0x1 
 .rodata._printf_i.str1.4
                0x00000000080007c0       0x28 d:/tools/gd32_risc_v/gcc/bin/../lib/gcc/riscv-nuclei-elf/9.2.0/../../../../riscv-nuclei-elf/lib/rv32imac/ilp32\libg_nano.a(lib_a-nano-vfprintf_i.o)
                                         0x25 (size before relaxing)
 .rodata._printf_i
                0x00000000080007e8       0x58 d:/tools/gd32_risc_v/gcc/bin/../lib/gcc/riscv-nuclei-elf/9.2.0/../../../../riscv-nuclei-elf/lib/rv32imac/ilp32\libg_nano.a(lib_a-nano-vfprintf_i.o)
 .rodata._ctype_
                0x0000000008000840      0x101 d:/tools/gd32_risc_v/gcc/bin/../lib/gcc/riscv-nuclei-elf/9.2.0/../../../../riscv-nuclei-elf/lib/rv32imac/ilp32\libg_nano.a(lib_a-ctype_.o)
                0x0000000008000840                _ctype_
 *(.text.unlikely .text.unlikely.*)
 *(.text.startup .text.startup.*)
 *(.text .text.*)
 *fill*         0x0000000008000941        0x1 
 .text.eclic_global_interrupt_enable
                0x0000000008000942       0x16 ./src/lib/GD32VF103_standard_peripheral/Source/gd32vf103_eclic.o
                0x0000000008000942                eclic_global_interrupt_enable
 .text.eclic_priority_group_set
                0x0000000008000958       0x22 ./src/lib/GD32VF103_standard_peripheral/Source/gd32vf103_eclic.o
                0x0000000008000958                eclic_priority_group_set
 .text.eclic_irq_enable
                0x000000000800097a       0x48 ./src/lib/GD32VF103_standard_peripheral/Source/gd32vf103_eclic.o
                0x000000000800097a                eclic_irq_enable
 .text.gpio_init
                0x00000000080009c2      0x1d4 ./src/lib/GD32VF103_standard_peripheral/Source/gd32vf103_gpio.o
                0x00000000080009c2                gpio_init
 .text.gpio_bit_set
                0x0000000008000b96       0x24 ./src/lib/GD32VF103_standard_peripheral/Source/gd32vf103_gpio.o
                0x0000000008000b96                gpio_bit_set
 .text.gpio_bit_reset
                0x0000000008000bba       0x24 ./src/lib/GD32VF103_standard_peripheral/Source/gd32vf103_gpio.o
                0x0000000008000bba                gpio_bit_reset
 .text.gpio_input_bit_get
                0x0000000008000bde       0x2c ./src/lib/GD32VF103_standard_peripheral/Source/gd32vf103_gpio.o
                0x0000000008000bde                gpio_input_bit_get
 .text.rcu_periph_clock_enable
                0x0000000008000c0a       0x40 ./src/lib/GD32VF103_standard_peripheral/Source/gd32vf103_rcu.o
                0x0000000008000c0a                rcu_periph_clock_enable
 .text.rcu_periph_reset_enable
                0x0000000008000c4a       0x40 ./src/lib/GD32VF103_standard_peripheral/Source/gd32vf103_rcu.o
                0x0000000008000c4a                rcu_periph_reset_enable
 .text.rcu_periph_reset_disable
                0x0000000008000c8a       0x44 ./src/lib/GD32VF103_standard_peripheral/Source/gd32vf103_rcu.o
                0x0000000008000c8a                rcu_periph_reset_disable
 .text.rcu_clock_freq_get
                0x0000000008000cce      0x2fa ./src/lib/GD32VF103_standard_peripheral/Source/gd32vf103_rcu.o
                0x0000000008000cce                rcu_clock_freq_get
 .text.usart_deinit
                0x0000000008000fc8       0xd8 ./src/lib/GD32VF103_standard_peripheral/Source/gd32vf103_usart.o
                0x0000000008000fc8                usart_deinit
 .text.usart_baudrate_set
                0x00000000080010a0      0x124 ./src/lib/GD32VF103_standard_peripheral/Source/gd32vf103_usart.o
                0x00000000080010a0                usart_baudrate_set
 .text.usart_parity_config
                0x00000000080011c4       0x42 ./src/lib/GD32VF103_standard_peripheral/Source/gd32vf103_usart.o
                0x00000000080011c4                usart_parity_config
 .text.usart_word_length_set
                0x0000000008001206       0x46 ./src/lib/GD32VF103_standard_peripheral/Source/gd32vf103_usart.o
                0x0000000008001206                usart_word_length_set
 .text.usart_stop_bit_set
                0x000000000800124c       0x46 ./src/lib/GD32VF103_standard_peripheral/Source/gd32vf103_usart.o
                0x000000000800124c                usart_stop_bit_set
 .text.usart_enable
                0x0000000008001292       0x28 ./src/lib/GD32VF103_standard_peripheral/Source/gd32vf103_usart.o
                0x0000000008001292                usart_enable
 .text.usart_transmit_config
                0x00000000080012ba       0x4c ./src/lib/GD32VF103_standard_peripheral/Source/gd32vf103_usart.o
                0x00000000080012ba                usart_transmit_config
 .text.usart_receive_config
                0x0000000008001306       0x4c ./src/lib/GD32VF103_standard_peripheral/Source/gd32vf103_usart.o
                0x0000000008001306                usart_receive_config
 .text.usart_data_transmit
                0x0000000008001352       0x28 ./src/lib/GD32VF103_standard_peripheral/Source/gd32vf103_usart.o
                0x0000000008001352                usart_data_transmit
 .text.usart_data_receive
                0x000000000800137a       0x26 ./src/lib/GD32VF103_standard_peripheral/Source/gd32vf103_usart.o
                0x000000000800137a                usart_data_receive
 .text.usart_hardware_flow_rts_config
                0x00000000080013a0       0x4e ./src/lib/GD32VF103_standard_peripheral/Source/gd32vf103_usart.o
                0x00000000080013a0                usart_hardware_flow_rts_config
 .text.usart_hardware_flow_cts_config
                0x00000000080013ee       0x4e ./src/lib/GD32VF103_standard_peripheral/Source/gd32vf103_usart.o
                0x00000000080013ee                usart_hardware_flow_cts_config
 .text.usart_flag_get
                0x000000000800143c       0x3c ./src/lib/GD32VF103_standard_peripheral/Source/gd32vf103_usart.o
                0x000000000800143c                usart_flag_get
 .text.usart_flag_clear
                0x0000000008001478       0x4c ./src/lib/GD32VF103_standard_peripheral/Source/gd32vf103_usart.o
                0x0000000008001478                usart_flag_clear
 .text.usart_interrupt_enable
                0x00000000080014c4       0x48 ./src/lib/GD32VF103_standard_peripheral/Source/gd32vf103_usart.o
                0x00000000080014c4                usart_interrupt_enable
 .text.usart_interrupt_flag_get
                0x000000000800150c       0x78 ./src/lib/GD32VF103_standard_peripheral/Source/gd32vf103_usart.o
                0x000000000800150c                usart_interrupt_flag_get
 .text.system_clock_config
                0x0000000008001584       0x14 ./src/lib/GD32VF103_standard_peripheral/system_gd32vf103.o
 .text.SystemInit
                0x0000000008001598       0xa8 ./src/lib/GD32VF103_standard_peripheral/system_gd32vf103.o
                0x0000000008001598                SystemInit
 .text.system_clock_108m_hxtal
                0x0000000008001640      0x198 ./src/lib/GD32VF103_standard_peripheral/system_gd32vf103.o
 .text.buttonInit
                0x00000000080017d8       0x94 ./src/hw/driver/button.o
                0x00000000080017d8                buttonInit
 .text.buttonGetPressed
                0x000000000800186c       0x90 ./src/hw/driver/button.o
                0x000000000800186c                buttonGetPressed
 .text.buttonObjCreate
                0x00000000080018fc       0x4a ./src/hw/driver/button.o
                0x00000000080018fc                buttonObjCreate
 .text.buttonObjGetClicked
                0x0000000008001946      0x110 ./src/hw/driver/button.o
                0x0000000008001946                buttonObjGetClicked
 .text.cliButton
                0x0000000008001a56       0xb2 ./src/hw/driver/button.o
 .text.cliInit  0x0000000008001b08       0xec ./src/hw/driver/cli.o
                0x0000000008001b08                cliInit
 .text.cliOpen  0x0000000008001bf4       0x64 ./src/hw/driver/cli.o
                0x0000000008001bf4                cliOpen
 .text.cliShowLog
                0x0000000008001c58      0x172 ./src/hw/driver/cli.o
                0x0000000008001c58                cliShowLog
 .text.cliShowPrompt
                0x0000000008001dca       0x42 ./src/hw/driver/cli.o
 .text.cliMain  0x0000000008001e0c       0x64 ./src/hw/driver/cli.o
                0x0000000008001e0c                cliMain
 .text.cliUpdate
                0x0000000008001e70      0x6c0 ./src/hw/driver/cli.o
 .text.cliLineClean
                0x0000000008002530       0x36 ./src/hw/driver/cli.o
 .text.cliLineAdd
                0x0000000008002566       0xb4 ./src/hw/driver/cli.o
 .text.cliLineChange
                0x000000000800261a      0x15c ./src/hw/driver/cli.o
 .text.cliRunCmd
                0x0000000008002776       0xd8 ./src/hw/driver/cli.o
 .text.cliParseArgs
                0x000000000800284e       0xc2 ./src/hw/driver/cli.o
 .text.cliPrintf
                0x0000000008002910       0x80 ./src/hw/driver/cli.o
                0x0000000008002910                cliPrintf
 .text.cliToUpper
                0x0000000008002990       0x96 ./src/hw/driver/cli.o
 .text.cliArgsGetData
                0x0000000008002a26       0x68 ./src/hw/driver/cli.o
 .text.cliArgsGetFloat
                0x0000000008002a8e       0x6a ./src/hw/driver/cli.o
 .text.cliArgsGetStr
                0x0000000008002af8       0x58 ./src/hw/driver/cli.o
 .text.cliArgsIsStr
                0x0000000008002b50       0x70 ./src/hw/driver/cli.o
 .text.cliKeepLoop
                0x0000000008002bc0       0x36 ./src/hw/driver/cli.o
                0x0000000008002bc0                cliKeepLoop
 .text.cliAdd   0x0000000008002bf6       0xbe ./src/hw/driver/cli.o
                0x0000000008002bf6                cliAdd
 .text.cliShowList
                0x0000000008002cb4       0x88 ./src/hw/driver/cli.o
                0x0000000008002cb4                cliShowList
 .text.cliMemoryDump
                0x0000000008002d3c      0x1ac ./src/hw/driver/cli.o
                0x0000000008002d3c                cliMemoryDump
 .text.ledInit  0x0000000008002ee8       0x7c ./src/hw/driver/led.o
                0x0000000008002ee8                ledInit
 .text.ledOff   0x0000000008002f64       0xb2 ./src/hw/driver/led.o
                0x0000000008002f64                ledOff
 .text.ledToggle
                0x0000000008003016       0xd2 ./src/hw/driver/led.o
                0x0000000008003016                ledToggle
 .text.logInit  0x00000000080030e8       0x10 ./src/hw/driver/log.o
                0x00000000080030e8                logInit
 .text.logPrintf
                0x00000000080030f8       0x66 ./src/hw/driver/log.o
                0x00000000080030f8                logPrintf
 .text.uartInit
                0x000000000800315e       0x58 ./src/hw/driver/uart.o
                0x000000000800315e                uartInit
 .text.uartOpen
                0x00000000080031b6      0x1a2 ./src/hw/driver/uart.o
                0x00000000080031b6                uartOpen
 .text.uartAvailable
                0x0000000008003358       0x46 ./src/hw/driver/uart.o
                0x0000000008003358                uartAvailable
 .text.uartRead
                0x000000000800339e       0x4a ./src/hw/driver/uart.o
                0x000000000800339e                uartRead
 .text.uartWrite
                0x00000000080033e8       0xfe ./src/hw/driver/uart.o
                0x00000000080033e8                uartWrite
 .text.uartPrintf
                0x00000000080034e6       0x7e ./src/hw/driver/uart.o
                0x00000000080034e6                uartPrintf
 .text.USART0_IRQHandler
                0x0000000008003564       0x86 ./src/hw/driver/uart.o
                0x0000000008003564                USART0_IRQHandler
 .text.hwInit   0x00000000080035ea       0x68 ./src/hw/hw.o
                0x00000000080035ea                hwInit
 .text.qbufferCreate
                0x0000000008003652       0x50 ./src/common/core/qbuffer.o
                0x0000000008003652                qbufferCreate
 .text.qbufferWrite
                0x00000000080036a2       0xec ./src/common/core/qbuffer.o
                0x00000000080036a2                qbufferWrite
 .text.qbufferRead
                0x000000000800378e       0xe6 ./src/common/core/qbuffer.o
                0x000000000800378e                qbufferRead
 .text.qbufferAvailable
                0x0000000008003874       0x32 ./src/common/core/qbuffer.o
                0x0000000008003874                qbufferAvailable
 *fill*         0x00000000080038a6       0x1a 
 .text.trap     0x00000000080038c0       0x7c ./src/bsp/startup/entry.o
                0x00000000080038c0                trap_entry
 *fill*         0x000000000800393c        0x0 
 .text.irq      0x000000000800393c       0x72 ./src/bsp/startup/entry.o
                0x000000000800393c                irq_entry
 .text._exit    0x00000000080039ae       0x7c ./src/bsp/device/RISCV/stubs/_exit.o
                0x00000000080039ae                _exit
 .text._sbrk    0x0000000008003a2a       0x6e ./src/bsp/device/RISCV/stubs/sbrk.o
                0x0000000008003a2a                _sbrk
 .text._write   0x0000000008003a98       0x70 ./src/bsp/device/RISCV/stubs/write.o
                0x0000000008003a98                _write
 .text._put_char
                0x0000000008003b08       0x44 ./src/bsp/device/RISCV/stubs/write.o
                0x0000000008003b08                _put_char
 .text.write_hex
                0x0000000008003b4c       0xb2 ./src/bsp/device/RISCV/stubs/write_hex.o
                0x0000000008003b4c                write_hex
 .text.mtime_lo
                0x0000000008003bfe       0x14 ./src/bsp/device/RISCV/drivers/n200_func.o
                0x0000000008003bfe                mtime_lo
 .text.mtime_hi
                0x0000000008003c12       0x16 ./src/bsp/device/RISCV/drivers/n200_func.o
                0x0000000008003c12                mtime_hi
 .text.get_timer_value
                0x0000000008003c28       0x6e ./src/bsp/device/RISCV/drivers/n200_func.o
                0x0000000008003c28                get_timer_value
 .text.eclic_init
                0x0000000008003c96       0x66 ./src/bsp/device/RISCV/drivers/n200_func.o
                0x0000000008003c96                eclic_init
 .text.eclic_enable_interrupt
                0x0000000008003cfc       0x2a ./src/bsp/device/RISCV/drivers/n200_func.o
                0x0000000008003cfc                eclic_enable_interrupt
 .text.eclic_set_intctrl
                0x0000000008003d26       0x32 ./src/bsp/device/RISCV/drivers/n200_func.o
                0x0000000008003d26                eclic_set_intctrl
 .text.eclic_get_intctrl
                0x0000000008003d58       0x2a ./src/bsp/device/RISCV/drivers/n200_func.o
                0x0000000008003d58                eclic_get_intctrl
 .text.eclic_set_cliccfg
                0x0000000008003d82       0x20 ./src/bsp/device/RISCV/drivers/n200_func.o
                0x0000000008003d82                eclic_set_cliccfg
 .text.eclic_get_cliccfg
                0x0000000008003da2       0x1a ./src/bsp/device/RISCV/drivers/n200_func.o
                0x0000000008003da2                eclic_get_cliccfg
 .text.eclic_set_nlbits
                0x0000000008003dbc       0x4c ./src/bsp/device/RISCV/drivers/n200_func.o
                0x0000000008003dbc                eclic_set_nlbits
 .text.eclic_get_nlbits
                0x0000000008003e08       0x2e ./src/bsp/device/RISCV/drivers/n200_func.o
                0x0000000008003e08                eclic_get_nlbits
 .text.eclic_set_irq_lvl_abs
                0x0000000008003e36       0x8c ./src/bsp/device/RISCV/drivers/n200_func.o
                0x0000000008003e36                eclic_set_irq_lvl_abs
 .text.eclic_set_irq_priority
                0x0000000008003ec2       0x94 ./src/bsp/device/RISCV/drivers/n200_func.o
                0x0000000008003ec2                eclic_set_irq_priority
 .text.eclic_mode_enable
                0x0000000008003f56       0x3e ./src/bsp/device/RISCV/drivers/n200_func.o
                0x0000000008003f56                eclic_mode_enable
 .text.handle_nmi
                0x0000000008003f94       0x1e ./src/bsp/device/RISCV/handlers.o
                0x0000000008003f94                handle_nmi
 .text.handle_trap
                0x0000000008003fb2       0x3e ./src/bsp/device/RISCV/handlers.o
                0x0000000008003fb2                handle_trap
 .text._init    0x0000000008003ff0       0x22 ./src/bsp/device/RISCV/init.o
                0x0000000008003ff0                _init
 .text._fini    0x0000000008004012        0xe ./src/bsp/device/RISCV/init.o
                0x0000000008004012                _fini
 .text.bspInit  0x0000000008004020       0x10 ./src/bsp/bsp.o
                0x0000000008004020                bspInit
 .text.delay    0x0000000008004030       0xea ./src/bsp/bsp.o
                0x0000000008004030                delay
 .text.millis   0x000000000800411a       0xa4 ./src/bsp/bsp.o
                0x000000000800411a                millis
 .text.apInit   0x00000000080041be       0x1e ./src/ap/ap.o
                0x00000000080041be                apInit
 .text.apMain   0x00000000080041dc       0x70 ./src/ap/ap.o
                0x00000000080041dc                apMain
 .text.main     0x000000000800424c       0x1c ./src/main.o
                0x000000000800424c                main
 .text          0x0000000008004268      0x546 d:/tools/gd32_risc_v/gcc/bin/../lib/gcc/riscv-nuclei-elf/9.2.0/rv32imac/ilp32\libgcc.a(divdf3.o)
                0x0000000008004268                __divdf3
 .text          0x00000000080047ae       0xa6 d:/tools/gd32_risc_v/gcc/bin/../lib/gcc/riscv-nuclei-elf/9.2.0/rv32imac/ilp32\libgcc.a(ledf2.o)
                0x00000000080047ae                __ledf2
                0x00000000080047ae                __ltdf2
 .text          0x0000000008004854      0x442 d:/tools/gd32_risc_v/gcc/bin/../lib/gcc/riscv-nuclei-elf/9.2.0/rv32imac/ilp32\libgcc.a(muldf3.o)
                0x0000000008004854                __muldf3
 .text          0x0000000008004c96       0x60 d:/tools/gd32_risc_v/gcc/bin/../lib/gcc/riscv-nuclei-elf/9.2.0/rv32imac/ilp32\libgcc.a(fixunsdfsi.o)
                0x0000000008004c96                __fixunsdfsi
 .text          0x0000000008004cf6       0x4e d:/tools/gd32_risc_v/gcc/bin/../lib/gcc/riscv-nuclei-elf/9.2.0/rv32imac/ilp32\libgcc.a(floatunsidf.o)
                0x0000000008004cf6                __floatunsidf
 .text          0x0000000008004d44      0x148 d:/tools/gd32_risc_v/gcc/bin/../lib/gcc/riscv-nuclei-elf/9.2.0/rv32imac/ilp32\libgcc.a(floatundidf.o)
                0x0000000008004d44                __floatundidf
 .text          0x0000000008004e8c       0x2a d:/tools/gd32_risc_v/gcc/bin/../lib/gcc/riscv-nuclei-elf/9.2.0/rv32imac/ilp32\libgcc.a(_lshrdi3.o)
                0x0000000008004e8c                __lshrdi3
 .text          0x0000000008004eb6       0x2a d:/tools/gd32_risc_v/gcc/bin/../lib/gcc/riscv-nuclei-elf/9.2.0/rv32imac/ilp32\libgcc.a(_ashldi3.o)
                0x0000000008004eb6                __ashldi3
 .text          0x0000000008004ee0       0x3c d:/tools/gd32_risc_v/gcc/bin/../lib/gcc/riscv-nuclei-elf/9.2.0/rv32imac/ilp32\libgcc.a(_clzsi2.o)
                0x0000000008004ee0                __clzsi2
 .text.atexit   0x0000000008004f1c        0xc d:/tools/gd32_risc_v/gcc/bin/../lib/gcc/riscv-nuclei-elf/9.2.0/../../../../riscv-nuclei-elf/lib/rv32imac/ilp32\libg_nano.a(lib_a-atexit.o)
                0x0000000008004f1c                atexit
 .text.exit     0x0000000008004f28       0x2c d:/tools/gd32_risc_v/gcc/bin/../lib/gcc/riscv-nuclei-elf/9.2.0/../../../../riscv-nuclei-elf/lib/rv32imac/ilp32\libg_nano.a(lib_a-exit.o)
                0x0000000008004f28                exit
 .text.__libc_fini_array
                0x0000000008004f54       0x3a d:/tools/gd32_risc_v/gcc/bin/../lib/gcc/riscv-nuclei-elf/9.2.0/../../../../riscv-nuclei-elf/lib/rv32imac/ilp32\libg_nano.a(lib_a-fini.o)
                0x0000000008004f54                __libc_fini_array
 .text.__libc_init_array
                0x0000000008004f8e       0x6e d:/tools/gd32_risc_v/gcc/bin/../lib/gcc/riscv-nuclei-elf/9.2.0/../../../../riscv-nuclei-elf/lib/rv32imac/ilp32\libg_nano.a(lib_a-init.o)
                0x0000000008004f8e                __libc_init_array
 .text.memcpy   0x0000000008004ffc       0xd4 d:/tools/gd32_risc_v/gcc/bin/../lib/gcc/riscv-nuclei-elf/9.2.0/../../../../riscv-nuclei-elf/lib/rv32imac/ilp32\libg_nano.a(lib_a-memcpy.o)
                0x0000000008004ffc                memcpy
 .text          0x00000000080050d0      0x11e d:/tools/gd32_risc_v/gcc/bin/../lib/gcc/riscv-nuclei-elf/9.2.0/../../../../riscv-nuclei-elf/lib/rv32imac/ilp32\libg_nano.a(lib_a-strcmp.o)
                0x00000000080050d0                strcmp
 .text.strcpy   0x00000000080051ee       0x12 d:/tools/gd32_risc_v/gcc/bin/../lib/gcc/riscv-nuclei-elf/9.2.0/../../../../riscv-nuclei-elf/lib/rv32imac/ilp32\libg_nano.a(lib_a-strcpy.o)
                0x00000000080051ee                strcpy
 .text.strlen   0x0000000008005200       0x12 d:/tools/gd32_risc_v/gcc/bin/../lib/gcc/riscv-nuclei-elf/9.2.0/../../../../riscv-nuclei-elf/lib/rv32imac/ilp32\libg_nano.a(lib_a-strlen.o)
                0x0000000008005200                strlen
 .text.sulp     0x0000000008005212       0x52 d:/tools/gd32_risc_v/gcc/bin/../lib/gcc/riscv-nuclei-elf/9.2.0/../../../../riscv-nuclei-elf/lib/rv32imac/ilp32\libg_nano.a(lib_a-strtod.o)
 .text._strtod_l
                0x0000000008005264      0xc94 d:/tools/gd32_risc_v/gcc/bin/../lib/gcc/riscv-nuclei-elf/9.2.0/../../../../riscv-nuclei-elf/lib/rv32imac/ilp32\libg_nano.a(lib_a-strtod.o)
                0x0000000008005264                _strtod_l
 .text.strtof   0x0000000008005ef8       0xda d:/tools/gd32_risc_v/gcc/bin/../lib/gcc/riscv-nuclei-elf/9.2.0/../../../../riscv-nuclei-elf/lib/rv32imac/ilp32\libg_nano.a(lib_a-strtod.o)
                0x0000000008005ef8                strtof
 .text.__strtok_r
                0x0000000008005fd2       0x5c d:/tools/gd32_risc_v/gcc/bin/../lib/gcc/riscv-nuclei-elf/9.2.0/../../../../riscv-nuclei-elf/lib/rv32imac/ilp32\libg_nano.a(lib_a-strtok_r.o)
                0x0000000008005fd2                __strtok_r
 .text.strtok_r
                0x000000000800602e        0x4 d:/tools/gd32_risc_v/gcc/bin/../lib/gcc/riscv-nuclei-elf/9.2.0/../../../../riscv-nuclei-elf/lib/rv32imac/ilp32\libg_nano.a(lib_a-strtok_r.o)
                0x000000000800602e                strtok_r
 .text._strtoul_l.isra.0
                0x0000000008006032      0x144 d:/tools/gd32_risc_v/gcc/bin/../lib/gcc/riscv-nuclei-elf/9.2.0/../../../../riscv-nuclei-elf/lib/rv32imac/ilp32\libg_nano.a(lib_a-strtoul.o)
 .text.strtoul  0x0000000008006176       0x1a d:/tools/gd32_risc_v/gcc/bin/../lib/gcc/riscv-nuclei-elf/9.2.0/../../../../riscv-nuclei-elf/lib/rv32imac/ilp32\libg_nano.a(lib_a-strtoul.o)
                0x0000000008006176                strtoul
 .text.write    0x0000000008006190        0xc d:/tools/gd32_risc_v/gcc/bin/../lib/gcc/riscv-nuclei-elf/9.2.0/../../../../riscv-nuclei-elf/lib/rv32imac/ilp32\libg_nano.a(lib_a-syswrite.o)
                0x0000000008006190                write
 .text._vsnprintf_r
                0x000000000800619c       0x62 d:/tools/gd32_risc_v/gcc/bin/../lib/gcc/riscv-nuclei-elf/9.2.0/../../../../riscv-nuclei-elf/lib/rv32imac/ilp32\libg_nano.a(lib_a-vsnprintf.o)
                0x000000000800619c                _vsniprintf_r
                0x000000000800619c                _vsnprintf_r
 .text.vsnprintf
                0x00000000080061fe        0xe d:/tools/gd32_risc_v/gcc/bin/../lib/gcc/riscv-nuclei-elf/9.2.0/../../../../riscv-nuclei-elf/lib/rv32imac/ilp32\libg_nano.a(lib_a-vsnprintf.o)
                0x00000000080061fe                vsniprintf
                0x00000000080061fe                vsnprintf
 .text._write_r
                0x000000000800620c       0x2c d:/tools/gd32_risc_v/gcc/bin/../lib/gcc/riscv-nuclei-elf/9.2.0/../../../../riscv-nuclei-elf/lib/rv32imac/ilp32\libg_nano.a(lib_a-writer.o)
                0x000000000800620c                _write_r
 .text.__register_exitproc
                0x0000000008006238       0x78 d:/tools/gd32_risc_v/gcc/bin/../lib/gcc/riscv-nuclei-elf/9.2.0/../../../../riscv-nuclei-elf/lib/rv32imac/ilp32\libg_nano.a(lib_a-__atexit.o)
                0x0000000008006238                __register_exitproc
 .text.__call_exitprocs
                0x00000000080062b0       0xc4 d:/tools/gd32_risc_v/gcc/bin/../lib/gcc/riscv-nuclei-elf/9.2.0/../../../../riscv-nuclei-elf/lib/rv32imac/ilp32\libg_nano.a(lib_a-__call_atexit.o)
                0x00000000080062b0                __call_exitprocs
 .text.rshift   0x0000000008006374       0xa2 d:/tools/gd32_risc_v/gcc/bin/../lib/gcc/riscv-nuclei-elf/9.2.0/../../../../riscv-nuclei-elf/lib/rv32imac/ilp32\libg_nano.a(lib_a-gdtoa-gethex.o)
 .text.__hexdig_fun
                0x0000000008006416       0x42 d:/tools/gd32_risc_v/gcc/bin/../lib/gcc/riscv-nuclei-elf/9.2.0/../../../../riscv-nuclei-elf/lib/rv32imac/ilp32\libg_nano.a(lib_a-gdtoa-gethex.o)
                0x0000000008006416                __hexdig_fun
 .text.__gethex
                0x0000000008006458      0x4ba d:/tools/gd32_risc_v/gcc/bin/../lib/gcc/riscv-nuclei-elf/9.2.0/../../../../riscv-nuclei-elf/lib/rv32imac/ilp32\libg_nano.a(lib_a-gdtoa-gethex.o)
                0x0000000008006458                __gethex
 .text.L_shift  0x0000000008006912       0x2c d:/tools/gd32_risc_v/gcc/bin/../lib/gcc/riscv-nuclei-elf/9.2.0/../../../../riscv-nuclei-elf/lib/rv32imac/ilp32\libg_nano.a(lib_a-gdtoa-hexnan.o)
 .text.__match  0x000000000800693e       0x30 d:/tools/gd32_risc_v/gcc/bin/../lib/gcc/riscv-nuclei-elf/9.2.0/../../../../riscv-nuclei-elf/lib/rv32imac/ilp32\libg_nano.a(lib_a-gdtoa-hexnan.o)
                0x000000000800693e                __match
 .text.__hexnan
                0x000000000800696e      0x176 d:/tools/gd32_risc_v/gcc/bin/../lib/gcc/riscv-nuclei-elf/9.2.0/../../../../riscv-nuclei-elf/lib/rv32imac/ilp32\libg_nano.a(lib_a-gdtoa-hexnan.o)
                0x000000000800696e                __hexnan
 .text.__localeconv_l
                0x0000000008006ae4        0x6 d:/tools/gd32_risc_v/gcc/bin/../lib/gcc/riscv-nuclei-elf/9.2.0/../../../../riscv-nuclei-elf/lib/rv32imac/ilp32\libg_nano.a(lib_a-localeconv.o)
                0x0000000008006ae4                __localeconv_l
 .text.__locale_ctype_ptr_l
                0x0000000008006aea        0x6 d:/tools/gd32_risc_v/gcc/bin/../lib/gcc/riscv-nuclei-elf/9.2.0/../../../../riscv-nuclei-elf/lib/rv32imac/ilp32\libg_nano.a(lib_a-locale.o)
                0x0000000008006aea                __locale_ctype_ptr_l
 .text.__ascii_mbtowc
                0x0000000008006af0       0x3a d:/tools/gd32_risc_v/gcc/bin/../lib/gcc/riscv-nuclei-elf/9.2.0/../../../../riscv-nuclei-elf/lib/rv32imac/ilp32\libg_nano.a(lib_a-mbtowc_r.o)
                0x0000000008006af0                __ascii_mbtowc
 .text._Balloc  0x0000000008006b2a       0x92 d:/tools/gd32_risc_v/gcc/bin/../lib/gcc/riscv-nuclei-elf/9.2.0/../../../../riscv-nuclei-elf/lib/rv32imac/ilp32\libg_nano.a(lib_a-mprec.o)
                0x0000000008006b2a                _Balloc
 .text._Bfree   0x0000000008006bbc       0x46 d:/tools/gd32_risc_v/gcc/bin/../lib/gcc/riscv-nuclei-elf/9.2.0/../../../../riscv-nuclei-elf/lib/rv32imac/ilp32\libg_nano.a(lib_a-mprec.o)
                0x0000000008006bbc                _Bfree
 .text.__multadd
                0x0000000008006c02       0x9e d:/tools/gd32_risc_v/gcc/bin/../lib/gcc/riscv-nuclei-elf/9.2.0/../../../../riscv-nuclei-elf/lib/rv32imac/ilp32\libg_nano.a(lib_a-mprec.o)
                0x0000000008006c02                __multadd
 .text.__s2b    0x0000000008006ca0       0xa4 d:/tools/gd32_risc_v/gcc/bin/../lib/gcc/riscv-nuclei-elf/9.2.0/../../../../riscv-nuclei-elf/lib/rv32imac/ilp32\libg_nano.a(lib_a-mprec.o)
                0x0000000008006ca0                __s2b
 .text.__hi0bits
                0x0000000008006d44       0x46 d:/tools/gd32_risc_v/gcc/bin/../lib/gcc/riscv-nuclei-elf/9.2.0/../../../../riscv-nuclei-elf/lib/rv32imac/ilp32\libg_nano.a(lib_a-mprec.o)
                0x0000000008006d44                __hi0bits
 .text.__lo0bits
                0x0000000008006d8a       0x6a d:/tools/gd32_risc_v/gcc/bin/../lib/gcc/riscv-nuclei-elf/9.2.0/../../../../riscv-nuclei-elf/lib/rv32imac/ilp32\libg_nano.a(lib_a-mprec.o)
                0x0000000008006d8a                __lo0bits
 .text.__i2b    0x0000000008006df4       0x1c d:/tools/gd32_risc_v/gcc/bin/../lib/gcc/riscv-nuclei-elf/9.2.0/../../../../riscv-nuclei-elf/lib/rv32imac/ilp32\libg_nano.a(lib_a-mprec.o)
                0x0000000008006df4                __i2b
 .text.__multiply
                0x0000000008006e10      0x164 d:/tools/gd32_risc_v/gcc/bin/../lib/gcc/riscv-nuclei-elf/9.2.0/../../../../riscv-nuclei-elf/lib/rv32imac/ilp32\libg_nano.a(lib_a-mprec.o)
                0x0000000008006e10                __multiply
 .text.__pow5mult
                0x0000000008006f74       0xbe d:/tools/gd32_risc_v/gcc/bin/../lib/gcc/riscv-nuclei-elf/9.2.0/../../../../riscv-nuclei-elf/lib/rv32imac/ilp32\libg_nano.a(lib_a-mprec.o)
                0x0000000008006f74                __pow5mult
 .text.__lshift
                0x0000000008007032       0xe8 d:/tools/gd32_risc_v/gcc/bin/../lib/gcc/riscv-nuclei-elf/9.2.0/../../../../riscv-nuclei-elf/lib/rv32imac/ilp32\libg_nano.a(lib_a-mprec.o)
                0x0000000008007032                __lshift
 .text.__mcmp   0x000000000800711a       0x3a d:/tools/gd32_risc_v/gcc/bin/../lib/gcc/riscv-nuclei-elf/9.2.0/../../../../riscv-nuclei-elf/lib/rv32imac/ilp32\libg_nano.a(lib_a-mprec.o)
                0x000000000800711a                __mcmp
 .text.__mdiff  0x0000000008007154      0x132 d:/tools/gd32_risc_v/gcc/bin/../lib/gcc/riscv-nuclei-elf/9.2.0/../../../../riscv-nuclei-elf/lib/rv32imac/ilp32\libg_nano.a(lib_a-mprec.o)
                0x0000000008007154                __mdiff
 .text.__ulp    0x0000000008007286       0x46 d:/tools/gd32_risc_v/gcc/bin/../lib/gcc/riscv-nuclei-elf/9.2.0/../../../../riscv-nuclei-elf/lib/rv32imac/ilp32\libg_nano.a(lib_a-mprec.o)
                0x0000000008007286                __ulp
 .text.__b2d    0x00000000080072cc       0xb8 d:/tools/gd32_risc_v/gcc/bin/../lib/gcc/riscv-nuclei-elf/9.2.0/../../../../riscv-nuclei-elf/lib/rv32imac/ilp32\libg_nano.a(lib_a-mprec.o)
                0x00000000080072cc                __b2d
 .text.__d2b    0x0000000008007384       0xd4 d:/tools/gd32_risc_v/gcc/bin/../lib/gcc/riscv-nuclei-elf/9.2.0/../../../../riscv-nuclei-elf/lib/rv32imac/ilp32\libg_nano.a(lib_a-mprec.o)
                0x0000000008007384                __d2b
 .text.__ratio  0x0000000008007458       0x70 d:/tools/gd32_risc_v/gcc/bin/../lib/gcc/riscv-nuclei-elf/9.2.0/../../../../riscv-nuclei-elf/lib/rv32imac/ilp32\libg_nano.a(lib_a-mprec.o)
                0x0000000008007458                __ratio
 .text.__copybits
                0x00000000080074c8       0x50 d:/tools/gd32_risc_v/gcc/bin/../lib/gcc/riscv-nuclei-elf/9.2.0/../../../../riscv-nuclei-elf/lib/rv32imac/ilp32\libg_nano.a(lib_a-mprec.o)
                0x00000000080074c8                __copybits
 .text.__any_on
                0x0000000008007518       0x48 d:/tools/gd32_risc_v/gcc/bin/../lib/gcc/riscv-nuclei-elf/9.2.0/../../../../riscv-nuclei-elf/lib/rv32imac/ilp32\libg_nano.a(lib_a-mprec.o)
                0x0000000008007518                __any_on
 .text._calloc_r
                0x0000000008007560       0x26 d:/tools/gd32_risc_v/gcc/bin/../lib/gcc/riscv-nuclei-elf/9.2.0/../../../../riscv-nuclei-elf/lib/rv32imac/ilp32\libg_nano.a(lib_a-nano-callocr.o)
                0x0000000008007560                _calloc_r
 .text._malloc_r
                0x0000000008007586       0xd8 d:/tools/gd32_risc_v/gcc/bin/../lib/gcc/riscv-nuclei-elf/9.2.0/../../../../riscv-nuclei-elf/lib/rv32imac/ilp32\libg_nano.a(lib_a-nano-mallocr.o)
                0x0000000008007586                _malloc_r
 .text.__ssputs_r
                0x000000000800765e       0xe8 d:/tools/gd32_risc_v/gcc/bin/../lib/gcc/riscv-nuclei-elf/9.2.0/../../../../riscv-nuclei-elf/lib/rv32imac/ilp32\libg_nano.a(lib_a-nano-svfprintf.o)
                0x000000000800765e                __ssputs_r
 .text._svfprintf_r
                0x0000000008007746      0x278 d:/tools/gd32_risc_v/gcc/bin/../lib/gcc/riscv-nuclei-elf/9.2.0/../../../../riscv-nuclei-elf/lib/rv32imac/ilp32\libg_nano.a(lib_a-nano-svfprintf.o)
                0x0000000008007746                _svfiprintf_r
                0x0000000008007746                _svfprintf_r
 .text._printf_common
                0x00000000080079be      0x10c d:/tools/gd32_risc_v/gcc/bin/../lib/gcc/riscv-nuclei-elf/9.2.0/../../../../riscv-nuclei-elf/lib/rv32imac/ilp32\libg_nano.a(lib_a-nano-vfprintf_i.o)
                0x00000000080079be                _printf_common
 .text._printf_i
                0x0000000008007aca      0x274 d:/tools/gd32_risc_v/gcc/bin/../lib/gcc/riscv-nuclei-elf/9.2.0/../../../../riscv-nuclei-elf/lib/rv32imac/ilp32\libg_nano.a(lib_a-nano-vfprintf_i.o)
                0x0000000008007aca                _printf_i
 .text._sbrk_r  0x0000000008007d3e       0x28 d:/tools/gd32_risc_v/gcc/bin/../lib/gcc/riscv-nuclei-elf/9.2.0/../../../../riscv-nuclei-elf/lib/rv32imac/ilp32\libg_nano.a(lib_a-sbrkr.o)
                0x0000000008007d3e                _sbrk_r
 .text.nanf     0x0000000008007d66        0xa d:/tools/gd32_risc_v/gcc/bin/../lib/gcc/riscv-nuclei-elf/9.2.0/../../../../riscv-nuclei-elf/lib/rv32imac/ilp32\libg_nano.a(lib_a-sf_nan.o)
                0x0000000008007d66                nanf
 .text.strncmp  0x0000000008007d70       0x2c d:/tools/gd32_risc_v/gcc/bin/../lib/gcc/riscv-nuclei-elf/9.2.0/../../../../riscv-nuclei-elf/lib/rv32imac/ilp32\libg_nano.a(lib_a-strncmp.o)
                0x0000000008007d70                strncmp
 .text.__ascii_wctomb
                0x0000000008007d9c       0x20 d:/tools/gd32_risc_v/gcc/bin/../lib/gcc/riscv-nuclei-elf/9.2.0/../../../../riscv-nuclei-elf/lib/rv32imac/ilp32\libg_nano.a(lib_a-wctomb_r.o)
                0x0000000008007d9c                __ascii_wctomb
 .text.malloc   0x0000000008007dbc        0xa d:/tools/gd32_risc_v/gcc/bin/../lib/gcc/riscv-nuclei-elf/9.2.0/../../../../riscv-nuclei-elf/lib/rv32imac/ilp32\libg_nano.a(lib_a-malloc.o)
                0x0000000008007dbc                malloc
 .text.memchr   0x0000000008007dc6       0x1a d:/tools/gd32_risc_v/gcc/bin/../lib/gcc/riscv-nuclei-elf/9.2.0/../../../../riscv-nuclei-elf/lib/rv32imac/ilp32\libg_nano.a(lib_a-memchr.o)
                0x0000000008007dc6                memchr
 .text.memmove  0x0000000008007de0       0x4a d:/tools/gd32_risc_v/gcc/bin/../lib/gcc/riscv-nuclei-elf/9.2.0/../../../../riscv-nuclei-elf/lib/rv32imac/ilp32\libg_nano.a(lib_a-memmove.o)
                0x0000000008007de0                memmove
 .text          0x0000000008007e2a       0xa8 d:/tools/gd32_risc_v/gcc/bin/../lib/gcc/riscv-nuclei-elf/9.2.0/../../../../riscv-nuclei-elf/lib/rv32imac/ilp32\libg_nano.a(lib_a-memset.o)
                0x0000000008007e2a                memset
 .text.__malloc_lock
                0x0000000008007ed2        0x2 d:/tools/gd32_risc_v/gcc/bin/../lib/gcc/riscv-nuclei-elf/9.2.0/../../../../riscv-nuclei-elf/lib/rv32imac/ilp32\libg_nano.a(lib_a-mlock.o)
                0x0000000008007ed2                __malloc_lock
 .text.__malloc_unlock
                0x0000000008007ed4        0x2 d:/tools/gd32_risc_v/gcc/bin/../lib/gcc/riscv-nuclei-elf/9.2.0/../../../../riscv-nuclei-elf/lib/rv32imac/ilp32\libg_nano.a(lib_a-mlock.o)
                0x0000000008007ed4                __malloc_unlock
 .text._free_r  0x0000000008007ed6       0xa4 d:/tools/gd32_risc_v/gcc/bin/../lib/gcc/riscv-nuclei-elf/9.2.0/../../../../riscv-nuclei-elf/lib/rv32imac/ilp32\libg_nano.a(lib_a-nano-freer.o)
                0x0000000008007ed6                _free_r
 .text._realloc_r
                0x0000000008007f7a       0x64 d:/tools/gd32_risc_v/gcc/bin/../lib/gcc/riscv-nuclei-elf/9.2.0/../../../../riscv-nuclei-elf/lib/rv32imac/ilp32\libg_nano.a(lib_a-nano-reallocr.o)
                0x0000000008007f7a                _realloc_r
 .text._malloc_usable_size_r
                0x0000000008007fde       0x14 d:/tools/gd32_risc_v/gcc/bin/../lib/gcc/riscv-nuclei-elf/9.2.0/../../../../riscv-nuclei-elf/lib/rv32imac/ilp32\libg_nano.a(lib_a-nano-msizer.o)
                0x0000000008007fde                _malloc_usable_size_r
 .text          0x0000000008007ff2      0x5f0 d:/tools/gd32_risc_v/gcc/bin/../lib/gcc/riscv-nuclei-elf/9.2.0/rv32imac/ilp32\libgcc.a(adddf3.o)
                0x0000000008007ff2                __adddf3
 .text          0x00000000080085e2       0x6a d:/tools/gd32_risc_v/gcc/bin/../lib/gcc/riscv-nuclei-elf/9.2.0/rv32imac/ilp32\libgcc.a(eqdf2.o)
                0x00000000080085e2                __nedf2
                0x00000000080085e2                __eqdf2
 .text          0x000000000800864c       0xa6 d:/tools/gd32_risc_v/gcc/bin/../lib/gcc/riscv-nuclei-elf/9.2.0/rv32imac/ilp32\libgcc.a(gedf2.o)
                0x000000000800864c                __gedf2
                0x000000000800864c                __gtdf2
 .text          0x00000000080086f2      0x602 d:/tools/gd32_risc_v/gcc/bin/../lib/gcc/riscv-nuclei-elf/9.2.0/rv32imac/ilp32\libgcc.a(subdf3.o)
                0x00000000080086f2                __subdf3
 .text          0x0000000008008cf4       0x3a d:/tools/gd32_risc_v/gcc/bin/../lib/gcc/riscv-nuclei-elf/9.2.0/rv32imac/ilp32\libgcc.a(unorddf2.o)
                0x0000000008008cf4                __unorddf2
 .text          0x0000000008008d2e       0x64 d:/tools/gd32_risc_v/gcc/bin/../lib/gcc/riscv-nuclei-elf/9.2.0/rv32imac/ilp32\libgcc.a(fixdfsi.o)
                0x0000000008008d2e                __fixdfsi
 .text          0x0000000008008d92       0x6a d:/tools/gd32_risc_v/gcc/bin/../lib/gcc/riscv-nuclei-elf/9.2.0/rv32imac/ilp32\libgcc.a(floatsidf.o)
                0x0000000008008d92                __floatsidf
 .text          0x0000000008008dfc       0x78 d:/tools/gd32_risc_v/gcc/bin/../lib/gcc/riscv-nuclei-elf/9.2.0/rv32imac/ilp32\libgcc.a(lesf2.o)
                0x0000000008008dfc                __ltsf2
                0x0000000008008dfc                __lesf2
 .text          0x0000000008008e74       0x34 d:/tools/gd32_risc_v/gcc/bin/../lib/gcc/riscv-nuclei-elf/9.2.0/rv32imac/ilp32\libgcc.a(unordsf2.o)
                0x0000000008008e74                __unordsf2
 .text          0x0000000008008ea8      0x122 d:/tools/gd32_risc_v/gcc/bin/../lib/gcc/riscv-nuclei-elf/9.2.0/rv32imac/ilp32\libgcc.a(truncdfsf2.o)
                0x0000000008008ea8                __truncdfsf2
 *(.gnu.linkonce.t.*)

.sdata2._global_impure_ptr
                0x0000000008008fcc        0x4
 .sdata2._global_impure_ptr
                0x0000000008008fcc        0x4 d:/tools/gd32_risc_v/gcc/bin/../lib/gcc/riscv-nuclei-elf/9.2.0/../../../../riscv-nuclei-elf/lib/rv32imac/ilp32\libg_nano.a(lib_a-impure.o)
                0x0000000008008fcc                _global_impure_ptr

.rela.dyn       0x0000000008008fd0        0x0
 .rela.text.trap
                0x0000000008008fd0        0x0 ./src/lib/GD32VF103_standard_peripheral/Source/gd32vf103_eclic.o
 .rela.init     0x0000000008008fd0        0x0 ./src/lib/GD32VF103_standard_peripheral/Source/gd32vf103_eclic.o
 .rela.sdata.curbrk.1473
                0x0000000008008fd0        0x0 ./src/lib/GD32VF103_standard_peripheral/Source/gd32vf103_eclic.o
 .rela.text._sbrk
                0x0000000008008fd0        0x0 ./src/lib/GD32VF103_standard_peripheral/Source/gd32vf103_eclic.o
 .rela.text._write
                0x0000000008008fd0        0x0 ./src/lib/GD32VF103_standard_peripheral/Source/gd32vf103_eclic.o
 .rela.text.handle_trap
                0x0000000008008fd0        0x0 ./src/lib/GD32VF103_standard_peripheral/Source/gd32vf103_eclic.o
 .rela.text.__libc_fini_array
                0x0000000008008fd0        0x0 ./src/lib/GD32VF103_standard_peripheral/Source/gd32vf103_eclic.o
 .rela.data.impure_data
                0x0000000008008fd0        0x0 ./src/lib/GD32VF103_standard_peripheral/Source/gd32vf103_eclic.o
 .rela.text.__libc_init_array
                0x0000000008008fd0        0x0 ./src/lib/GD32VF103_standard_peripheral/Source/gd32vf103_eclic.o
 .rela.text._write_r
                0x0000000008008fd0        0x0 ./src/lib/GD32VF103_standard_peripheral/Source/gd32vf103_eclic.o
 .rela.text.__register_exitproc
                0x0000000008008fd0        0x0 ./src/lib/GD32VF103_standard_peripheral/Source/gd32vf103_eclic.o
 .rela.text._svfprintf_r
                0x0000000008008fd0        0x0 ./src/lib/GD32VF103_standard_peripheral/Source/gd32vf103_eclic.o
 .rela.text._sbrk_r
                0x0000000008008fd0        0x0 ./src/lib/GD32VF103_standard_peripheral/Source/gd32vf103_eclic.o

.fini
 *(SORT_NONE(.fini))
                0x0000000008008fd0                . = ALIGN (0x4)
                [!provide]                        PROVIDE (__etext = .)
                [!provide]                        PROVIDE (_etext = .)
                [!provide]                        PROVIDE (etext = .)
                [!provide]                        PROVIDE (_eilm = .)

.preinit_array  0x0000000008008fd0        0x0
                0x0000000008008fd0                PROVIDE (__preinit_array_start = .)
 *(.preinit_array)
                0x0000000008008fd0                PROVIDE (__preinit_array_end = .)

.init_array     0x0000000008008fd0        0x0
                0x0000000008008fd0                PROVIDE (__init_array_start = .)
 *(SORT_BY_INIT_PRIORITY(.init_array.*) SORT_BY_INIT_PRIORITY(.ctors.*))
 *(.init_array EXCLUDE_FILE(*crtend?.o *crtend.o *crtbegin?.o *crtbegin.o) .ctors)
                0x0000000008008fd0                PROVIDE (__init_array_end = .)

.fini_array     0x0000000008008fd0        0x0
                0x0000000008008fd0                PROVIDE (__fini_array_start = .)
 *(SORT_BY_INIT_PRIORITY(.fini_array.*) SORT_BY_INIT_PRIORITY(.dtors.*))
 *(.fini_array EXCLUDE_FILE(*crtend?.o *crtend.o *crtbegin?.o *crtbegin.o) .dtors)
                0x0000000008008fd0                PROVIDE (__fini_array_end = .)

.ctors
 *crtbegin.o(.ctors)
 *crtbegin?.o(.ctors)
 *(EXCLUDE_FILE(*crtend?.o *crtend.o) .ctors)
 *(SORT_BY_NAME(.ctors.*))
 *(.ctors)

.dtors
 *crtbegin.o(.dtors)
 *crtbegin?.o(.dtors)
 *(EXCLUDE_FILE(*crtend?.o *crtend.o) .dtors)
 *(SORT_BY_NAME(.dtors.*))
 *(.dtors)
                0x0000000008008fd0                . = ALIGN (0x4)
                [!provide]                        PROVIDE (_eilm = .)

.lalign         0x0000000008008fd0        0x0
                0x0000000008008fd0                . = ALIGN (0x4)
                0x0000000008008fd0                PROVIDE (_data_lma = .)

.dalign         0x0000000020000000        0x0 load address 0x0000000008008fd0
                0x0000000020000000                . = ALIGN (0x4)
                0x0000000020000000                PROVIDE (_data = .)

.data           0x0000000020000000      0x240 load address 0x0000000008008fd0
 *(.rdata)
 *(.gnu.linkonce.r.*)
 *(.data .data.*)
 .data.button_tbl
                0x0000000020000000       0x18 ./src/hw/driver/button.o
                0x0000000020000000                button_tbl
 .data.impure_data
                0x0000000020000018       0x60 d:/tools/gd32_risc_v/gcc/bin/../lib/gcc/riscv-nuclei-elf/9.2.0/../../../../riscv-nuclei-elf/lib/rv32imac/ilp32\libg_nano.a(lib_a-impure.o)
 .data.__global_locale
                0x0000000020000078      0x16c d:/tools/gd32_risc_v/gcc/bin/../lib/gcc/riscv-nuclei-elf/9.2.0/../../../../riscv-nuclei-elf/lib/rv32imac/ilp32\libg_nano.a(lib_a-locale.o)
                0x0000000020000078                __global_locale
 *(.gnu.linkonce.d.*)
                0x00000000200001e8                . = ALIGN (0x8)
 *fill*         0x00000000200001e4        0x4 
                0x00000000200009e8                PROVIDE (__global_pointer$ = (. + 0x800))
 *(.sdata .sdata.*)
 .sdata.SystemCoreClock
                0x00000000200001e8        0x4 ./src/lib/GD32VF103_standard_peripheral/system_gd32vf103.o
                0x00000000200001e8                SystemCoreClock
 .sdata.delim.5286
                0x00000000200001ec        0x4 ./src/hw/driver/cli.o
 .sdata.curbrk.1473
                0x00000000200001f0        0x4 ./src/bsp/device/RISCV/stubs/sbrk.o
 .sdata._impure_ptr
                0x00000000200001f4        0x4 d:/tools/gd32_risc_v/gcc/bin/../lib/gcc/riscv-nuclei-elf/9.2.0/../../../../riscv-nuclei-elf/lib/rv32imac/ilp32\libg_nano.a(lib_a-impure.o)
                0x00000000200001f4                _impure_ptr
 *(.gnu.linkonce.s.*)
                0x00000000200001f8                . = ALIGN (0x8)
 *(.srodata.cst16)
 *(.srodata.cst8)
 .srodata.cst8  0x00000000200001f8       0x40 d:/tools/gd32_risc_v/gcc/bin/../lib/gcc/riscv-nuclei-elf/9.2.0/../../../../riscv-nuclei-elf/lib/rv32imac/ilp32\libg_nano.a(lib_a-strtod.o)
 *(.srodata.cst4)
 .srodata.cst4  0x0000000020000238        0x4 d:/tools/gd32_risc_v/gcc/bin/../lib/gcc/riscv-nuclei-elf/9.2.0/../../../../riscv-nuclei-elf/lib/rv32imac/ilp32\libg_nano.a(lib_a-strtod.o)
 .srodata.cst4  0x000000002000023c        0x4 d:/tools/gd32_risc_v/gcc/bin/../lib/gcc/riscv-nuclei-elf/9.2.0/../../../../riscv-nuclei-elf/lib/rv32imac/ilp32\libg_nano.a(lib_a-sf_nan.o)
 *(.srodata.cst2)
 *(.srodata .srodata.*)
                0x0000000020000240                . = ALIGN (0x4)
                0x0000000020000240                PROVIDE (_edata = .)
                [!provide]                        PROVIDE (edata = .)
                [!provide]                        PROVIDE (_fbss = .)
                0x0000000020000240                PROVIDE (__bss_start = .)

.bss            0x0000000020000240      0xa08
 *(.sbss*)
 .sbss.log_ch   0x0000000020000240        0x1 ./src/hw/driver/log.o
 *fill*         0x0000000020000241        0x3 
 .sbss._global_atexit
                0x0000000020000244        0x4 d:/tools/gd32_risc_v/gcc/bin/../lib/gcc/riscv-nuclei-elf/9.2.0/../../../../riscv-nuclei-elf/lib/rv32imac/ilp32\libg_nano.a(lib_a-__call_atexit.o)
                0x0000000020000244                _global_atexit
 .sbss.__malloc_free_list
                0x0000000020000248        0x4 d:/tools/gd32_risc_v/gcc/bin/../lib/gcc/riscv-nuclei-elf/9.2.0/../../../../riscv-nuclei-elf/lib/rv32imac/ilp32\libg_nano.a(lib_a-nano-mallocr.o)
                0x0000000020000248                __malloc_free_list
 .sbss.__malloc_sbrk_start
                0x000000002000024c        0x4 d:/tools/gd32_risc_v/gcc/bin/../lib/gcc/riscv-nuclei-elf/9.2.0/../../../../riscv-nuclei-elf/lib/rv32imac/ilp32\libg_nano.a(lib_a-nano-mallocr.o)
                0x000000002000024c                __malloc_sbrk_start
 *(.gnu.linkonce.sb.*)
 *(.bss .bss.*)
 .bss.cli_node  0x0000000020000250      0x444 ./src/hw/driver/cli.o
                0x0000000020000250                cli_node
 .bss.print_buf
                0x0000000020000694      0x100 ./src/hw/driver/log.o
 .bss.uart_tbl  0x0000000020000794      0x424 ./src/hw/driver/uart.o
 .bss._global_atexit0
                0x0000000020000bb8       0x8c d:/tools/gd32_risc_v/gcc/bin/../lib/gcc/riscv-nuclei-elf/9.2.0/../../../../riscv-nuclei-elf/lib/rv32imac/ilp32\libg_nano.a(lib_a-__atexit.o)
 *(.gnu.linkonce.b.*)
 *(COMMON)
 COMMON         0x0000000020000c44        0x4 d:/tools/gd32_risc_v/gcc/bin/../lib/gcc/riscv-nuclei-elf/9.2.0/../../../../riscv-nuclei-elf/lib/rv32imac/ilp32\libg_nano.a(lib_a-reent.o)
                0x0000000020000c44                errno
                0x0000000020000c48                . = ALIGN (0x4)
                0x0000000020000c48                . = ALIGN (0x8)
                0x0000000020000c48                PROVIDE (_end = .)
                [!provide]                        PROVIDE (end = .)

.stack          0x0000000020007800      0x800 load address 0x0000000020000c48
                0x0000000020007800                PROVIDE (_heap_end = .)
                0x0000000000000800                . = __stack_size
 *fill*         0x0000000020007800      0x800 
                0x0000000020008000                PROVIDE (_sp = .)
OUTPUT(gd32vf103_fw.elf elf32-littleriscv)

.debug_info     0x0000000000000000    0x13f0b
 .debug_info    0x0000000000000000      0x1e1 ./src/lib/GD32VF103_standard_peripheral/Source/gd32vf103_eclic.o
 .debug_info    0x00000000000001e1      0x5f1 ./src/lib/GD32VF103_standard_peripheral/Source/gd32vf103_gpio.o
 .debug_info    0x00000000000007d2      0xdb8 ./src/lib/GD32VF103_standard_peripheral/Source/gd32vf103_rcu.o
 .debug_info    0x000000000000158a      0xb70 ./src/lib/GD32VF103_standard_peripheral/Source/gd32vf103_usart.o
 .debug_info    0x00000000000020fa      0x20c ./src/lib/GD32VF103_standard_peripheral/system_gd32vf103.o
 .debug_info    0x0000000000002306      0xdac ./src/hw/driver/button.o
 .debug_info    0x00000000000030b2     0x14c0 ./src/hw/driver/cli.o
 .debug_info    0x0000000000004572      0xbae ./src/hw/driver/led.o
 .debug_info    0x0000000000005120      0xa17 ./src/hw/driver/log.o
 .debug_info    0x0000000000005b37     0x114d ./src/hw/driver/uart.o
 .debug_info    0x0000000000006c84      0x96e ./src/hw/hw.o
 .debug_info    0x00000000000075f2      0xc8c ./src/common/core/qbuffer.o
 .debug_info    0x000000000000827e       0x22 ./src/bsp/startup/entry.o
 .debug_info    0x00000000000082a0       0x26 ./src/bsp/startup/start.o
 .debug_info    0x00000000000082c6      0x121 ./src/bsp/device/RISCV/stubs/_exit.o
 .debug_info    0x00000000000083e7       0xc0 ./src/bsp/device/RISCV/stubs/sbrk.o
 .debug_info    0x00000000000084a7      0xb22 ./src/bsp/device/RISCV/stubs/write.o
 .debug_info    0x0000000000008fc9      0x15e ./src/bsp/device/RISCV/stubs/write_hex.o
 .debug_info    0x0000000000009127     0x1324 ./src/bsp/device/RISCV/drivers/n200_func.o
 .debug_info    0x000000000000a44b      0x9ce ./src/bsp/device/RISCV/handlers.o
 .debug_info    0x000000000000ae19      0xb4f ./src/bsp/device/RISCV/init.o
 .debug_info    0x000000000000b968      0xa1b ./src/bsp/bsp.o
 .debug_info    0x000000000000c383      0xa0f ./src/ap/ap.o
 .debug_info    0x000000000000cd92      0x96e ./src/main.o
 .debug_info    0x000000000000d700      0x730 d:/tools/gd32_risc_v/gcc/bin/../lib/gcc/riscv-nuclei-elf/9.2.0/rv32imac/ilp32\libgcc.a(divdf3.o)
 .debug_info    0x000000000000de30      0x286 d:/tools/gd32_risc_v/gcc/bin/../lib/gcc/riscv-nuclei-elf/9.2.0/rv32imac/ilp32\libgcc.a(ledf2.o)
 .debug_info    0x000000000000e0b6      0x75c d:/tools/gd32_risc_v/gcc/bin/../lib/gcc/riscv-nuclei-elf/9.2.0/rv32imac/ilp32\libgcc.a(muldf3.o)
 .debug_info    0x000000000000e812      0x208 d:/tools/gd32_risc_v/gcc/bin/../lib/gcc/riscv-nuclei-elf/9.2.0/rv32imac/ilp32\libgcc.a(fixunsdfsi.o)
 .debug_info    0x000000000000ea1a      0x2af d:/tools/gd32_risc_v/gcc/bin/../lib/gcc/riscv-nuclei-elf/9.2.0/rv32imac/ilp32\libgcc.a(floatunsidf.o)
 .debug_info    0x000000000000ecc9      0x2e8 d:/tools/gd32_risc_v/gcc/bin/../lib/gcc/riscv-nuclei-elf/9.2.0/rv32imac/ilp32\libgcc.a(floatundidf.o)
 .debug_info    0x000000000000efb1      0xc72 d:/tools/gd32_risc_v/gcc/bin/../lib/gcc/riscv-nuclei-elf/9.2.0/rv32imac/ilp32\libgcc.a(_lshrdi3.o)
 .debug_info    0x000000000000fc23      0xc72 d:/tools/gd32_risc_v/gcc/bin/../lib/gcc/riscv-nuclei-elf/9.2.0/rv32imac/ilp32\libgcc.a(_ashldi3.o)
 .debug_info    0x0000000000010895      0xbd7 d:/tools/gd32_risc_v/gcc/bin/../lib/gcc/riscv-nuclei-elf/9.2.0/rv32imac/ilp32\libgcc.a(_clzsi2.o)
 .debug_info    0x000000000001146c      0xb6a d:/tools/gd32_risc_v/gcc/bin/../lib/gcc/riscv-nuclei-elf/9.2.0/rv32imac/ilp32\libgcc.a(_clz.o)
 .debug_info    0x0000000000011fd6      0x599 d:/tools/gd32_risc_v/gcc/bin/../lib/gcc/riscv-nuclei-elf/9.2.0/rv32imac/ilp32\libgcc.a(adddf3.o)
 .debug_info    0x000000000001256f      0x288 d:/tools/gd32_risc_v/gcc/bin/../lib/gcc/riscv-nuclei-elf/9.2.0/rv32imac/ilp32\libgcc.a(eqdf2.o)
 .debug_info    0x00000000000127f7      0x286 d:/tools/gd32_risc_v/gcc/bin/../lib/gcc/riscv-nuclei-elf/9.2.0/rv32imac/ilp32\libgcc.a(gedf2.o)
 .debug_info    0x0000000000012a7d      0x599 d:/tools/gd32_risc_v/gcc/bin/../lib/gcc/riscv-nuclei-elf/9.2.0/rv32imac/ilp32\libgcc.a(subdf3.o)
 .debug_info    0x0000000000013016      0x289 d:/tools/gd32_risc_v/gcc/bin/../lib/gcc/riscv-nuclei-elf/9.2.0/rv32imac/ilp32\libgcc.a(unorddf2.o)
 .debug_info    0x000000000001329f      0x21a d:/tools/gd32_risc_v/gcc/bin/../lib/gcc/riscv-nuclei-elf/9.2.0/rv32imac/ilp32\libgcc.a(fixdfsi.o)
 .debug_info    0x00000000000134b9      0x2bc d:/tools/gd32_risc_v/gcc/bin/../lib/gcc/riscv-nuclei-elf/9.2.0/rv32imac/ilp32\libgcc.a(floatsidf.o)
 .debug_info    0x0000000000013775      0x267 d:/tools/gd32_risc_v/gcc/bin/../lib/gcc/riscv-nuclei-elf/9.2.0/rv32imac/ilp32\libgcc.a(lesf2.o)
 .debug_info    0x00000000000139dc      0x253 d:/tools/gd32_risc_v/gcc/bin/../lib/gcc/riscv-nuclei-elf/9.2.0/rv32imac/ilp32\libgcc.a(unordsf2.o)
 .debug_info    0x0000000000013c2f      0x2dc d:/tools/gd32_risc_v/gcc/bin/../lib/gcc/riscv-nuclei-elf/9.2.0/rv32imac/ilp32\libgcc.a(truncdfsf2.o)

.debug_abbrev   0x0000000000000000     0x4de1
 .debug_abbrev  0x0000000000000000       0xe6 ./src/lib/GD32VF103_standard_peripheral/Source/gd32vf103_eclic.o
 .debug_abbrev  0x00000000000000e6      0x1cb ./src/lib/GD32VF103_standard_peripheral/Source/gd32vf103_gpio.o
 .debug_abbrev  0x00000000000002b1      0x1e4 ./src/lib/GD32VF103_standard_peripheral/Source/gd32vf103_rcu.o
 .debug_abbrev  0x0000000000000495      0x193 ./src/lib/GD32VF103_standard_peripheral/Source/gd32vf103_usart.o
 .debug_abbrev  0x0000000000000628      0x112 ./src/lib/GD32VF103_standard_peripheral/system_gd32vf103.o
 .debug_abbrev  0x000000000000073a      0x2c9 ./src/hw/driver/button.o
 .debug_abbrev  0x0000000000000a03      0x3ee ./src/hw/driver/cli.o
 .debug_abbrev  0x0000000000000df1      0x26f ./src/hw/driver/led.o
 .debug_abbrev  0x0000000000001060      0x231 ./src/hw/driver/log.o
 .debug_abbrev  0x0000000000001291      0x2fe ./src/hw/driver/uart.o
 .debug_abbrev  0x000000000000158f      0x1d4 ./src/hw/hw.o
 .debug_abbrev  0x0000000000001763      0x248 ./src/common/core/qbuffer.o
 .debug_abbrev  0x00000000000019ab       0x12 ./src/bsp/startup/entry.o
 .debug_abbrev  0x00000000000019bd       0x14 ./src/bsp/startup/start.o
 .debug_abbrev  0x00000000000019d1       0xa3 ./src/bsp/device/RISCV/stubs/_exit.o
 .debug_abbrev  0x0000000000001a74       0xad ./src/bsp/device/RISCV/stubs/sbrk.o
 .debug_abbrev  0x0000000000001b21      0x252 ./src/bsp/device/RISCV/stubs/write.o
 .debug_abbrev  0x0000000000001d73       0xae ./src/bsp/device/RISCV/stubs/write_hex.o
 .debug_abbrev  0x0000000000001e21      0x3b2 ./src/bsp/device/RISCV/drivers/n200_func.o
 .debug_abbrev  0x00000000000021d3      0x212 ./src/bsp/device/RISCV/handlers.o
 .debug_abbrev  0x00000000000023e5      0x206 ./src/bsp/device/RISCV/init.o
 .debug_abbrev  0x00000000000025eb      0x241 ./src/bsp/bsp.o
 .debug_abbrev  0x000000000000282c      0x1ff ./src/ap/ap.o
 .debug_abbrev  0x0000000000002a2b      0x1d4 ./src/main.o
 .debug_abbrev  0x0000000000002bff      0x187 d:/tools/gd32_risc_v/gcc/bin/../lib/gcc/riscv-nuclei-elf/9.2.0/rv32imac/ilp32\libgcc.a(divdf3.o)
 .debug_abbrev  0x0000000000002d86      0x199 d:/tools/gd32_risc_v/gcc/bin/../lib/gcc/riscv-nuclei-elf/9.2.0/rv32imac/ilp32\libgcc.a(ledf2.o)
 .debug_abbrev  0x0000000000002f1f      0x18e d:/tools/gd32_risc_v/gcc/bin/../lib/gcc/riscv-nuclei-elf/9.2.0/rv32imac/ilp32\libgcc.a(muldf3.o)
 .debug_abbrev  0x00000000000030ad      0x18a d:/tools/gd32_risc_v/gcc/bin/../lib/gcc/riscv-nuclei-elf/9.2.0/rv32imac/ilp32\libgcc.a(fixunsdfsi.o)
 .debug_abbrev  0x0000000000003237      0x178 d:/tools/gd32_risc_v/gcc/bin/../lib/gcc/riscv-nuclei-elf/9.2.0/rv32imac/ilp32\libgcc.a(floatunsidf.o)
 .debug_abbrev  0x00000000000033af      0x19f d:/tools/gd32_risc_v/gcc/bin/../lib/gcc/riscv-nuclei-elf/9.2.0/rv32imac/ilp32\libgcc.a(floatundidf.o)
 .debug_abbrev  0x000000000000354e      0x275 d:/tools/gd32_risc_v/gcc/bin/../lib/gcc/riscv-nuclei-elf/9.2.0/rv32imac/ilp32\libgcc.a(_lshrdi3.o)
 .debug_abbrev  0x00000000000037c3      0x275 d:/tools/gd32_risc_v/gcc/bin/../lib/gcc/riscv-nuclei-elf/9.2.0/rv32imac/ilp32\libgcc.a(_ashldi3.o)
 .debug_abbrev  0x0000000000003a38      0x242 d:/tools/gd32_risc_v/gcc/bin/../lib/gcc/riscv-nuclei-elf/9.2.0/rv32imac/ilp32\libgcc.a(_clzsi2.o)
 .debug_abbrev  0x0000000000003c7a      0x1e8 d:/tools/gd32_risc_v/gcc/bin/../lib/gcc/riscv-nuclei-elf/9.2.0/rv32imac/ilp32\libgcc.a(_clz.o)
 .debug_abbrev  0x0000000000003e62      0x196 d:/tools/gd32_risc_v/gcc/bin/../lib/gcc/riscv-nuclei-elf/9.2.0/rv32imac/ilp32\libgcc.a(adddf3.o)
 .debug_abbrev  0x0000000000003ff8      0x186 d:/tools/gd32_risc_v/gcc/bin/../lib/gcc/riscv-nuclei-elf/9.2.0/rv32imac/ilp32\libgcc.a(eqdf2.o)
 .debug_abbrev  0x000000000000417e      0x199 d:/tools/gd32_risc_v/gcc/bin/../lib/gcc/riscv-nuclei-elf/9.2.0/rv32imac/ilp32\libgcc.a(gedf2.o)
 .debug_abbrev  0x0000000000004317      0x196 d:/tools/gd32_risc_v/gcc/bin/../lib/gcc/riscv-nuclei-elf/9.2.0/rv32imac/ilp32\libgcc.a(subdf3.o)
 .debug_abbrev  0x00000000000044ad      0x1a2 d:/tools/gd32_risc_v/gcc/bin/../lib/gcc/riscv-nuclei-elf/9.2.0/rv32imac/ilp32\libgcc.a(unorddf2.o)
 .debug_abbrev  0x000000000000464f      0x18a d:/tools/gd32_risc_v/gcc/bin/../lib/gcc/riscv-nuclei-elf/9.2.0/rv32imac/ilp32\libgcc.a(fixdfsi.o)
 .debug_abbrev  0x00000000000047d9      0x178 d:/tools/gd32_risc_v/gcc/bin/../lib/gcc/riscv-nuclei-elf/9.2.0/rv32imac/ilp32\libgcc.a(floatsidf.o)
 .debug_abbrev  0x0000000000004951      0x188 d:/tools/gd32_risc_v/gcc/bin/../lib/gcc/riscv-nuclei-elf/9.2.0/rv32imac/ilp32\libgcc.a(lesf2.o)
 .debug_abbrev  0x0000000000004ad9      0x180 d:/tools/gd32_risc_v/gcc/bin/../lib/gcc/riscv-nuclei-elf/9.2.0/rv32imac/ilp32\libgcc.a(unordsf2.o)
 .debug_abbrev  0x0000000000004c59      0x188 d:/tools/gd32_risc_v/gcc/bin/../lib/gcc/riscv-nuclei-elf/9.2.0/rv32imac/ilp32\libgcc.a(truncdfsf2.o)

.debug_aranges  0x0000000000000000      0xbc0
 .debug_aranges
                0x0000000000000000       0x50 ./src/lib/GD32VF103_standard_peripheral/Source/gd32vf103_eclic.o
 .debug_aranges
                0x0000000000000050       0xa0 ./src/lib/GD32VF103_standard_peripheral/Source/gd32vf103_gpio.o
 .debug_aranges
                0x00000000000000f0      0x160 ./src/lib/GD32VF103_standard_peripheral/Source/gd32vf103_rcu.o
 .debug_aranges
                0x0000000000000250      0x170 ./src/lib/GD32VF103_standard_peripheral/Source/gd32vf103_usart.o
 .debug_aranges
                0x00000000000003c0       0x38 ./src/lib/GD32VF103_standard_peripheral/system_gd32vf103.o
 .debug_aranges
                0x00000000000003f8       0x40 ./src/hw/driver/button.o
 .debug_aranges
                0x0000000000000438       0xe8 ./src/hw/driver/cli.o
 .debug_aranges
                0x0000000000000520       0x38 ./src/hw/driver/led.o
 .debug_aranges
                0x0000000000000558       0x28 ./src/hw/driver/log.o
 .debug_aranges
                0x0000000000000580       0x68 ./src/hw/driver/uart.o
 .debug_aranges
                0x00000000000005e8       0x20 ./src/hw/hw.o
 .debug_aranges
                0x0000000000000608       0x60 ./src/common/core/qbuffer.o
 .debug_aranges
                0x0000000000000668       0x28 ./src/bsp/startup/entry.o
 .debug_aranges
                0x0000000000000690       0x20 ./src/bsp/startup/start.o
 .debug_aranges
                0x00000000000006b0       0x20 ./src/bsp/device/RISCV/stubs/_exit.o
 .debug_aranges
                0x00000000000006d0       0x20 ./src/bsp/device/RISCV/stubs/sbrk.o
 .debug_aranges
                0x00000000000006f0       0x30 ./src/bsp/device/RISCV/stubs/write.o
 .debug_aranges
                0x0000000000000720       0x20 ./src/bsp/device/RISCV/stubs/write_hex.o
 .debug_aranges
                0x0000000000000740      0x140 ./src/bsp/device/RISCV/drivers/n200_func.o
 .debug_aranges
                0x0000000000000880       0x28 ./src/bsp/device/RISCV/handlers.o
 .debug_aranges
                0x00000000000008a8       0x28 ./src/bsp/device/RISCV/init.o
 .debug_aranges
                0x00000000000008d0       0x30 ./src/bsp/bsp.o
 .debug_aranges
                0x0000000000000900       0x28 ./src/ap/ap.o
 .debug_aranges
                0x0000000000000928       0x20 ./src/main.o
 .debug_aranges
                0x0000000000000948       0x20 d:/tools/gd32_risc_v/gcc/bin/../lib/gcc/riscv-nuclei-elf/9.2.0/rv32imac/ilp32\libgcc.a(divdf3.o)
 .debug_aranges
                0x0000000000000968       0x20 d:/tools/gd32_risc_v/gcc/bin/../lib/gcc/riscv-nuclei-elf/9.2.0/rv32imac/ilp32\libgcc.a(ledf2.o)
 .debug_aranges
                0x0000000000000988       0x20 d:/tools/gd32_risc_v/gcc/bin/../lib/gcc/riscv-nuclei-elf/9.2.0/rv32imac/ilp32\libgcc.a(muldf3.o)
 .debug_aranges
                0x00000000000009a8       0x20 d:/tools/gd32_risc_v/gcc/bin/../lib/gcc/riscv-nuclei-elf/9.2.0/rv32imac/ilp32\libgcc.a(fixunsdfsi.o)
 .debug_aranges
                0x00000000000009c8       0x20 d:/tools/gd32_risc_v/gcc/bin/../lib/gcc/riscv-nuclei-elf/9.2.0/rv32imac/ilp32\libgcc.a(floatunsidf.o)
 .debug_aranges
                0x00000000000009e8       0x20 d:/tools/gd32_risc_v/gcc/bin/../lib/gcc/riscv-nuclei-elf/9.2.0/rv32imac/ilp32\libgcc.a(floatundidf.o)
 .debug_aranges
                0x0000000000000a08       0x20 d:/tools/gd32_risc_v/gcc/bin/../lib/gcc/riscv-nuclei-elf/9.2.0/rv32imac/ilp32\libgcc.a(_lshrdi3.o)
 .debug_aranges
                0x0000000000000a28       0x20 d:/tools/gd32_risc_v/gcc/bin/../lib/gcc/riscv-nuclei-elf/9.2.0/rv32imac/ilp32\libgcc.a(_ashldi3.o)
 .debug_aranges
                0x0000000000000a48       0x20 d:/tools/gd32_risc_v/gcc/bin/../lib/gcc/riscv-nuclei-elf/9.2.0/rv32imac/ilp32\libgcc.a(_clzsi2.o)
 .debug_aranges
                0x0000000000000a68       0x18 d:/tools/gd32_risc_v/gcc/bin/../lib/gcc/riscv-nuclei-elf/9.2.0/rv32imac/ilp32\libgcc.a(_clz.o)
 .debug_aranges
                0x0000000000000a80       0x20 d:/tools/gd32_risc_v/gcc/bin/../lib/gcc/riscv-nuclei-elf/9.2.0/rv32imac/ilp32\libgcc.a(adddf3.o)
 .debug_aranges
                0x0000000000000aa0       0x20 d:/tools/gd32_risc_v/gcc/bin/../lib/gcc/riscv-nuclei-elf/9.2.0/rv32imac/ilp32\libgcc.a(eqdf2.o)
 .debug_aranges
                0x0000000000000ac0       0x20 d:/tools/gd32_risc_v/gcc/bin/../lib/gcc/riscv-nuclei-elf/9.2.0/rv32imac/ilp32\libgcc.a(gedf2.o)
 .debug_aranges
                0x0000000000000ae0       0x20 d:/tools/gd32_risc_v/gcc/bin/../lib/gcc/riscv-nuclei-elf/9.2.0/rv32imac/ilp32\libgcc.a(subdf3.o)
 .debug_aranges
                0x0000000000000b00       0x20 d:/tools/gd32_risc_v/gcc/bin/../lib/gcc/riscv-nuclei-elf/9.2.0/rv32imac/ilp32\libgcc.a(unorddf2.o)
 .debug_aranges
                0x0000000000000b20       0x20 d:/tools/gd32_risc_v/gcc/bin/../lib/gcc/riscv-nuclei-elf/9.2.0/rv32imac/ilp32\libgcc.a(fixdfsi.o)
 .debug_aranges
                0x0000000000000b40       0x20 d:/tools/gd32_risc_v/gcc/bin/../lib/gcc/riscv-nuclei-elf/9.2.0/rv32imac/ilp32\libgcc.a(floatsidf.o)
 .debug_aranges
                0x0000000000000b60       0x20 d:/tools/gd32_risc_v/gcc/bin/../lib/gcc/riscv-nuclei-elf/9.2.0/rv32imac/ilp32\libgcc.a(lesf2.o)
 .debug_aranges
                0x0000000000000b80       0x20 d:/tools/gd32_risc_v/gcc/bin/../lib/gcc/riscv-nuclei-elf/9.2.0/rv32imac/ilp32\libgcc.a(unordsf2.o)
 .debug_aranges
                0x0000000000000ba0       0x20 d:/tools/gd32_risc_v/gcc/bin/../lib/gcc/riscv-nuclei-elf/9.2.0/rv32imac/ilp32\libgcc.a(truncdfsf2.o)

.debug_ranges   0x0000000000000000     0x1330
 .debug_ranges  0x0000000000000000       0x40 ./src/lib/GD32VF103_standard_peripheral/Source/gd32vf103_eclic.o
 .debug_ranges  0x0000000000000040       0x90 ./src/lib/GD32VF103_standard_peripheral/Source/gd32vf103_gpio.o
 .debug_ranges  0x00000000000000d0      0x150 ./src/lib/GD32VF103_standard_peripheral/Source/gd32vf103_rcu.o
 .debug_ranges  0x0000000000000220      0x160 ./src/lib/GD32VF103_standard_peripheral/Source/gd32vf103_usart.o
 .debug_ranges  0x0000000000000380       0x28 ./src/lib/GD32VF103_standard_peripheral/system_gd32vf103.o
 .debug_ranges  0x00000000000003a8       0x30 ./src/hw/driver/button.o
 .debug_ranges  0x00000000000003d8       0xd8 ./src/hw/driver/cli.o
 .debug_ranges  0x00000000000004b0       0x28 ./src/hw/driver/led.o
 .debug_ranges  0x00000000000004d8       0x18 ./src/hw/driver/log.o
 .debug_ranges  0x00000000000004f0       0x58 ./src/hw/driver/uart.o
 .debug_ranges  0x0000000000000548       0x10 ./src/hw/hw.o
 .debug_ranges  0x0000000000000558       0x50 ./src/common/core/qbuffer.o
 .debug_ranges  0x00000000000005a8       0x20 ./src/bsp/startup/entry.o
 .debug_ranges  0x00000000000005c8       0x10 ./src/bsp/device/RISCV/stubs/_exit.o
 .debug_ranges  0x00000000000005d8       0x10 ./src/bsp/device/RISCV/stubs/sbrk.o
 .debug_ranges  0x00000000000005e8       0x20 ./src/bsp/device/RISCV/stubs/write.o
 .debug_ranges  0x0000000000000608       0x10 ./src/bsp/device/RISCV/stubs/write_hex.o
 .debug_ranges  0x0000000000000618      0x130 ./src/bsp/device/RISCV/drivers/n200_func.o
 .debug_ranges  0x0000000000000748       0x18 ./src/bsp/device/RISCV/handlers.o
 .debug_ranges  0x0000000000000760       0x18 ./src/bsp/device/RISCV/init.o
 .debug_ranges  0x0000000000000778       0x20 ./src/bsp/bsp.o
 .debug_ranges  0x0000000000000798       0x18 ./src/ap/ap.o
 .debug_ranges  0x00000000000007b0       0x10 ./src/main.o
 .debug_ranges  0x00000000000007c0      0x198 d:/tools/gd32_risc_v/gcc/bin/../lib/gcc/riscv-nuclei-elf/9.2.0/rv32imac/ilp32\libgcc.a(divdf3.o)
 .debug_ranges  0x0000000000000958       0x50 d:/tools/gd32_risc_v/gcc/bin/../lib/gcc/riscv-nuclei-elf/9.2.0/rv32imac/ilp32\libgcc.a(ledf2.o)
 .debug_ranges  0x00000000000009a8      0x230 d:/tools/gd32_risc_v/gcc/bin/../lib/gcc/riscv-nuclei-elf/9.2.0/rv32imac/ilp32\libgcc.a(muldf3.o)
 .debug_ranges  0x0000000000000bd8       0x20 d:/tools/gd32_risc_v/gcc/bin/../lib/gcc/riscv-nuclei-elf/9.2.0/rv32imac/ilp32\libgcc.a(fixunsdfsi.o)
 .debug_ranges  0x0000000000000bf8       0x70 d:/tools/gd32_risc_v/gcc/bin/../lib/gcc/riscv-nuclei-elf/9.2.0/rv32imac/ilp32\libgcc.a(floatunsidf.o)
 .debug_ranges  0x0000000000000c68       0x68 d:/tools/gd32_risc_v/gcc/bin/../lib/gcc/riscv-nuclei-elf/9.2.0/rv32imac/ilp32\libgcc.a(floatundidf.o)
 .debug_ranges  0x0000000000000cd0       0x20 d:/tools/gd32_risc_v/gcc/bin/../lib/gcc/riscv-nuclei-elf/9.2.0/rv32imac/ilp32\libgcc.a(_clzsi2.o)
 .debug_ranges  0x0000000000000cf0      0x228 d:/tools/gd32_risc_v/gcc/bin/../lib/gcc/riscv-nuclei-elf/9.2.0/rv32imac/ilp32\libgcc.a(adddf3.o)
 .debug_ranges  0x0000000000000f18       0x48 d:/tools/gd32_risc_v/gcc/bin/../lib/gcc/riscv-nuclei-elf/9.2.0/rv32imac/ilp32\libgcc.a(eqdf2.o)
 .debug_ranges  0x0000000000000f60       0x50 d:/tools/gd32_risc_v/gcc/bin/../lib/gcc/riscv-nuclei-elf/9.2.0/rv32imac/ilp32\libgcc.a(gedf2.o)
 .debug_ranges  0x0000000000000fb0      0x220 d:/tools/gd32_risc_v/gcc/bin/../lib/gcc/riscv-nuclei-elf/9.2.0/rv32imac/ilp32\libgcc.a(subdf3.o)
 .debug_ranges  0x00000000000011d0       0x20 d:/tools/gd32_risc_v/gcc/bin/../lib/gcc/riscv-nuclei-elf/9.2.0/rv32imac/ilp32\libgcc.a(unorddf2.o)
 .debug_ranges  0x00000000000011f0       0x18 d:/tools/gd32_risc_v/gcc/bin/../lib/gcc/riscv-nuclei-elf/9.2.0/rv32imac/ilp32\libgcc.a(fixdfsi.o)
 .debug_ranges  0x0000000000001208       0x68 d:/tools/gd32_risc_v/gcc/bin/../lib/gcc/riscv-nuclei-elf/9.2.0/rv32imac/ilp32\libgcc.a(floatsidf.o)
 .debug_ranges  0x0000000000001270       0x60 d:/tools/gd32_risc_v/gcc/bin/../lib/gcc/riscv-nuclei-elf/9.2.0/rv32imac/ilp32\libgcc.a(lesf2.o)
 .debug_ranges  0x00000000000012d0       0x20 d:/tools/gd32_risc_v/gcc/bin/../lib/gcc/riscv-nuclei-elf/9.2.0/rv32imac/ilp32\libgcc.a(unordsf2.o)
 .debug_ranges  0x00000000000012f0       0x40 d:/tools/gd32_risc_v/gcc/bin/../lib/gcc/riscv-nuclei-elf/9.2.0/rv32imac/ilp32\libgcc.a(truncdfsf2.o)

.debug_macro    0x0000000000000000     0x7dc6
 .debug_macro   0x0000000000000000      0x1a6 ./src/lib/GD32VF103_standard_peripheral/Source/gd32vf103_eclic.o
 .debug_macro   0x00000000000001a6       0x28 ./src/lib/GD32VF103_standard_peripheral/Source/gd32vf103_eclic.o
 .debug_macro   0x00000000000001ce     0x1635 ./src/lib/GD32VF103_standard_peripheral/Source/gd32vf103_eclic.o
 .debug_macro   0x0000000000001803      0x1c7 ./src/lib/GD32VF103_standard_peripheral/Source/gd32vf103_gpio.o
 .debug_macro   0x00000000000019ca      0x767 ./src/lib/GD32VF103_standard_peripheral/Source/gd32vf103_gpio.o
 .debug_macro   0x0000000000002131      0x1af ./src/lib/GD32VF103_standard_peripheral/Source/gd32vf103_rcu.o
 .debug_macro   0x00000000000022e0      0x8c1 ./src/lib/GD32VF103_standard_peripheral/Source/gd32vf103_rcu.o
 .debug_macro   0x0000000000002ba1      0x191 ./src/lib/GD32VF103_standard_peripheral/Source/gd32vf103_usart.o
 .debug_macro   0x0000000000002d32      0x304 ./src/lib/GD32VF103_standard_peripheral/Source/gd32vf103_usart.o
 .debug_macro   0x0000000000003036      0x1b1 ./src/lib/GD32VF103_standard_peripheral/system_gd32vf103.o
 .debug_macro   0x00000000000031e7      0x38f ./src/hw/driver/button.o
 .debug_macro   0x0000000000003576       0x4c ./src/hw/driver/button.o
 .debug_macro   0x00000000000035c2       0x19 ./src/hw/driver/button.o
 .debug_macro   0x00000000000035db       0x94 ./src/hw/driver/button.o
 .debug_macro   0x000000000000366f       0x34 ./src/hw/driver/button.o
 .debug_macro   0x00000000000036a3       0x34 ./src/hw/driver/button.o
 .debug_macro   0x00000000000036d7       0x16 ./src/hw/driver/button.o
 .debug_macro   0x00000000000036ed       0x57 ./src/hw/driver/button.o
 .debug_macro   0x0000000000003744       0x97 ./src/hw/driver/button.o
 .debug_macro   0x00000000000037db      0x330 ./src/hw/driver/button.o
 .debug_macro   0x0000000000003b0b       0xfd ./src/hw/driver/button.o
 .debug_macro   0x0000000000003c08       0x10 ./src/hw/driver/button.o
 .debug_macro   0x0000000000003c18       0x52 ./src/hw/driver/button.o
 .debug_macro   0x0000000000003c6a       0x1f ./src/hw/driver/button.o
 .debug_macro   0x0000000000003c89       0x43 ./src/hw/driver/button.o
 .debug_macro   0x0000000000003ccc       0x20 ./src/hw/driver/button.o
 .debug_macro   0x0000000000003cec      0x18e ./src/hw/driver/button.o
 .debug_macro   0x0000000000003e7a       0x10 ./src/hw/driver/button.o
 .debug_macro   0x0000000000003e8a       0x1c ./src/hw/driver/button.o
 .debug_macro   0x0000000000003ea6       0x52 ./src/hw/driver/button.o
 .debug_macro   0x0000000000003ef8       0x40 ./src/hw/driver/button.o
 .debug_macro   0x0000000000003f38       0x10 ./src/hw/driver/button.o
 .debug_macro   0x0000000000003f48       0x40 ./src/hw/driver/button.o
 .debug_macro   0x0000000000003f88       0xd7 ./src/hw/driver/button.o
 .debug_macro   0x000000000000405f       0x1c ./src/hw/driver/button.o
 .debug_macro   0x000000000000407b       0x3d ./src/hw/driver/button.o
 .debug_macro   0x00000000000040b8       0x16 ./src/hw/driver/button.o
 .debug_macro   0x00000000000040ce      0x16f ./src/hw/driver/button.o
 .debug_macro   0x000000000000423d       0x22 ./src/hw/driver/button.o
 .debug_macro   0x000000000000425f       0x4c ./src/hw/driver/button.o
 .debug_macro   0x00000000000042ab       0x16 ./src/hw/driver/button.o
 .debug_macro   0x00000000000042c1       0x35 ./src/hw/driver/button.o
 .debug_macro   0x00000000000042f6       0x16 ./src/hw/driver/button.o
 .debug_macro   0x000000000000430c       0x16 ./src/hw/driver/button.o
 .debug_macro   0x0000000000004322       0x29 ./src/hw/driver/button.o
 .debug_macro   0x000000000000434b      0x154 ./src/hw/driver/button.o
 .debug_macro   0x000000000000449f       0x5e ./src/hw/driver/button.o
 .debug_macro   0x00000000000044fd       0x22 ./src/hw/driver/button.o
 .debug_macro   0x000000000000451f      0x3dc ./src/hw/driver/cli.o
 .debug_macro   0x00000000000048fb       0x1c ./src/hw/driver/cli.o
 .debug_macro   0x0000000000004917       0x10 ./src/hw/driver/cli.o
 .debug_macro   0x0000000000004927      0x386 ./src/hw/driver/led.o
 .debug_macro   0x0000000000004cad      0x38e ./src/hw/driver/log.o
 .debug_macro   0x000000000000503b       0x16 ./src/hw/driver/log.o
 .debug_macro   0x0000000000005051      0x396 ./src/hw/driver/uart.o
 .debug_macro   0x00000000000053e7      0x3f4 ./src/hw/hw.o
 .debug_macro   0x00000000000057db       0x1c ./src/hw/hw.o
 .debug_macro   0x00000000000057f7       0x10 ./src/hw/hw.o
 .debug_macro   0x0000000000005807      0x248 ./src/common/core/qbuffer.o
 .debug_macro   0x0000000000005a4f      0x191 ./src/bsp/device/RISCV/stubs/_exit.o
 .debug_macro   0x0000000000005be0       0x10 ./src/bsp/device/RISCV/stubs/_exit.o
 .debug_macro   0x0000000000005bf0       0xcf ./src/bsp/device/RISCV/stubs/_exit.o
 .debug_macro   0x0000000000005cbf       0xbe ./src/bsp/device/RISCV/stubs/_exit.o
 .debug_macro   0x0000000000005d7d      0x51a ./src/bsp/device/RISCV/stubs/_exit.o
 .debug_macro   0x0000000000006297       0x1a ./src/bsp/device/RISCV/stubs/sbrk.o
 .debug_macro   0x00000000000062b1      0x310 ./src/bsp/device/RISCV/stubs/write.o
 .debug_macro   0x00000000000065c1       0x10 ./src/bsp/device/RISCV/stubs/write.o
 .debug_macro   0x00000000000065d1      0x241 ./src/bsp/device/RISCV/stubs/write.o
 .debug_macro   0x0000000000006812      0x18d ./src/bsp/device/RISCV/stubs/write_hex.o
 .debug_macro   0x000000000000699f      0x370 ./src/bsp/device/RISCV/drivers/n200_func.o
 .debug_macro   0x0000000000006d0f      0x21c ./src/bsp/device/RISCV/handlers.o
 .debug_macro   0x0000000000006f2b      0x307 ./src/bsp/device/RISCV/init.o
 .debug_macro   0x0000000000007232      0x37a ./src/bsp/bsp.o
 .debug_macro   0x00000000000075ac      0x408 ./src/ap/ap.o
 .debug_macro   0x00000000000079b4      0x412 ./src/main.o

.debug_line     0x0000000000000000    0x1401a
 .debug_line    0x0000000000000000      0x5ec ./src/lib/GD32VF103_standard_peripheral/Source/gd32vf103_eclic.o
 .debug_line    0x00000000000005ec      0xd2c ./src/lib/GD32VF103_standard_peripheral/Source/gd32vf103_gpio.o
 .debug_line    0x0000000000001318     0x13f6 ./src/lib/GD32VF103_standard_peripheral/Source/gd32vf103_rcu.o
 .debug_line    0x000000000000270e      0xe99 ./src/lib/GD32VF103_standard_peripheral/Source/gd32vf103_usart.o
 .debug_line    0x00000000000035a7      0x90a ./src/lib/GD32VF103_standard_peripheral/system_gd32vf103.o
 .debug_line    0x0000000000003eb1      0xa12 ./src/hw/driver/button.o
 .debug_line    0x00000000000048c3     0x1a25 ./src/hw/driver/cli.o
 .debug_line    0x00000000000062e8      0x7fe ./src/hw/driver/led.o
 .debug_line    0x0000000000006ae6      0x71a ./src/hw/driver/log.o
 .debug_line    0x0000000000007200      0xb7f ./src/hw/driver/uart.o
 .debug_line    0x0000000000007d7f      0x788 ./src/hw/hw.o
 .debug_line    0x0000000000008507      0x7d3 ./src/common/core/qbuffer.o
 .debug_line    0x0000000000008cda       0xd5 ./src/bsp/startup/entry.o
 .debug_line    0x0000000000008daf      0x173 ./src/bsp/startup/start.o
 .debug_line    0x0000000000008f22      0x2e2 ./src/bsp/device/RISCV/stubs/_exit.o
 .debug_line    0x0000000000009204       0xe9 ./src/bsp/device/RISCV/stubs/sbrk.o
 .debug_line    0x00000000000092ed      0x6f5 ./src/bsp/device/RISCV/stubs/write.o
 .debug_line    0x00000000000099e2      0x374 ./src/bsp/device/RISCV/stubs/write_hex.o
 .debug_line    0x0000000000009d56     0x10de ./src/bsp/device/RISCV/drivers/n200_func.o
 .debug_line    0x000000000000ae34      0x3b1 ./src/bsp/device/RISCV/handlers.o
 .debug_line    0x000000000000b1e5      0x630 ./src/bsp/device/RISCV/init.o
 .debug_line    0x000000000000b815      0x788 ./src/bsp/bsp.o
 .debug_line    0x000000000000bf9d      0x7cc ./src/ap/ap.o
 .debug_line    0x000000000000c769      0x794 ./src/main.o
 .debug_line    0x000000000000cefd      0xfd7 d:/tools/gd32_risc_v/gcc/bin/../lib/gcc/riscv-nuclei-elf/9.2.0/rv32imac/ilp32\libgcc.a(divdf3.o)
 .debug_line    0x000000000000ded4      0x35f d:/tools/gd32_risc_v/gcc/bin/../lib/gcc/riscv-nuclei-elf/9.2.0/rv32imac/ilp32\libgcc.a(ledf2.o)
 .debug_line    0x000000000000e233      0xe12 d:/tools/gd32_risc_v/gcc/bin/../lib/gcc/riscv-nuclei-elf/9.2.0/rv32imac/ilp32\libgcc.a(muldf3.o)
 .debug_line    0x000000000000f045      0x212 d:/tools/gd32_risc_v/gcc/bin/../lib/gcc/riscv-nuclei-elf/9.2.0/rv32imac/ilp32\libgcc.a(fixunsdfsi.o)
 .debug_line    0x000000000000f257      0x2db d:/tools/gd32_risc_v/gcc/bin/../lib/gcc/riscv-nuclei-elf/9.2.0/rv32imac/ilp32\libgcc.a(floatunsidf.o)
 .debug_line    0x000000000000f532      0x4d4 d:/tools/gd32_risc_v/gcc/bin/../lib/gcc/riscv-nuclei-elf/9.2.0/rv32imac/ilp32\libgcc.a(floatundidf.o)
 .debug_line    0x000000000000fa06      0x38c d:/tools/gd32_risc_v/gcc/bin/../lib/gcc/riscv-nuclei-elf/9.2.0/rv32imac/ilp32\libgcc.a(_lshrdi3.o)
 .debug_line    0x000000000000fd92      0x38c d:/tools/gd32_risc_v/gcc/bin/../lib/gcc/riscv-nuclei-elf/9.2.0/rv32imac/ilp32\libgcc.a(_ashldi3.o)
 .debug_line    0x000000000001011e      0x344 d:/tools/gd32_risc_v/gcc/bin/../lib/gcc/riscv-nuclei-elf/9.2.0/rv32imac/ilp32\libgcc.a(_clzsi2.o)
 .debug_line    0x0000000000010462      0x2b8 d:/tools/gd32_risc_v/gcc/bin/../lib/gcc/riscv-nuclei-elf/9.2.0/rv32imac/ilp32\libgcc.a(_clz.o)
 .debug_line    0x000000000001071a     0x1081 d:/tools/gd32_risc_v/gcc/bin/../lib/gcc/riscv-nuclei-elf/9.2.0/rv32imac/ilp32\libgcc.a(adddf3.o)
 .debug_line    0x000000000001179b      0x2ca d:/tools/gd32_risc_v/gcc/bin/../lib/gcc/riscv-nuclei-elf/9.2.0/rv32imac/ilp32\libgcc.a(eqdf2.o)
 .debug_line    0x0000000000011a65      0x35f d:/tools/gd32_risc_v/gcc/bin/../lib/gcc/riscv-nuclei-elf/9.2.0/rv32imac/ilp32\libgcc.a(gedf2.o)
 .debug_line    0x0000000000011dc4     0x10e0 d:/tools/gd32_risc_v/gcc/bin/../lib/gcc/riscv-nuclei-elf/9.2.0/rv32imac/ilp32\libgcc.a(subdf3.o)
 .debug_line    0x0000000000012ea4      0x215 d:/tools/gd32_risc_v/gcc/bin/../lib/gcc/riscv-nuclei-elf/9.2.0/rv32imac/ilp32\libgcc.a(unorddf2.o)
 .debug_line    0x00000000000130b9      0x281 d:/tools/gd32_risc_v/gcc/bin/../lib/gcc/riscv-nuclei-elf/9.2.0/rv32imac/ilp32\libgcc.a(fixdfsi.o)
 .debug_line    0x000000000001333a      0x2bb d:/tools/gd32_risc_v/gcc/bin/../lib/gcc/riscv-nuclei-elf/9.2.0/rv32imac/ilp32\libgcc.a(floatsidf.o)
 .debug_line    0x00000000000135f5      0x35b d:/tools/gd32_risc_v/gcc/bin/../lib/gcc/riscv-nuclei-elf/9.2.0/rv32imac/ilp32\libgcc.a(lesf2.o)
 .debug_line    0x0000000000013950      0x203 d:/tools/gd32_risc_v/gcc/bin/../lib/gcc/riscv-nuclei-elf/9.2.0/rv32imac/ilp32\libgcc.a(unordsf2.o)
 .debug_line    0x0000000000013b53      0x4c7 d:/tools/gd32_risc_v/gcc/bin/../lib/gcc/riscv-nuclei-elf/9.2.0/rv32imac/ilp32\libgcc.a(truncdfsf2.o)

.debug_str      0x0000000000000000    0x2644d
 .debug_str     0x0000000000000000    0x1d267 ./src/lib/GD32VF103_standard_peripheral/Source/gd32vf103_eclic.o
                                      0x1d481 (size before relaxing)
 .debug_str     0x000000000001d267      0x52a ./src/lib/GD32VF103_standard_peripheral/Source/gd32vf103_gpio.o
                                      0x18e75 (size before relaxing)
 .debug_str     0x000000000001d791      0xb51 ./src/lib/GD32VF103_standard_peripheral/Source/gd32vf103_rcu.o
                                      0x19641 (size before relaxing)
 .debug_str     0x000000000001e2e2      0x59f ./src/lib/GD32VF103_standard_peripheral/Source/gd32vf103_usart.o
                                      0x190be (size before relaxing)
 .debug_str     0x000000000001e881      0x146 ./src/lib/GD32VF103_standard_peripheral/system_gd32vf103.o
                                      0x18ac3 (size before relaxing)
 .debug_str     0x000000000001e9c7     0x4573 ./src/hw/driver/button.o
                                      0x1d0d3 (size before relaxing)
 .debug_str     0x0000000000022f3a      0x401 ./src/hw/driver/cli.o
                                      0x1d28e (size before relaxing)
 .debug_str     0x000000000002333b       0x89 ./src/hw/driver/led.o
                                      0x1cf3a (size before relaxing)
 .debug_str     0x00000000000233c4       0xac ./src/hw/driver/log.o
                                      0x1ce54 (size before relaxing)
 .debug_str     0x0000000000023470      0x63d ./src/hw/driver/uart.o
                                      0x1d62c (size before relaxing)
 .debug_str     0x0000000000023aad       0xda ./src/hw/hw.o
                                      0x1cfe3 (size before relaxing)
 .debug_str     0x0000000000023b87       0xb2 ./src/common/core/qbuffer.o
                                       0x7ae4 (size before relaxing)
 .debug_str     0x0000000000023c39       0x27 ./src/bsp/startup/entry.o
                                         0x4b (size before relaxing)
 .debug_str     0x0000000000023c60       0x1b ./src/bsp/startup/start.o
                                         0x4b (size before relaxing)
 .debug_str     0x0000000000023c7b     0x1018 ./src/bsp/device/RISCV/stubs/_exit.o
                                       0x6c54 (size before relaxing)
 .debug_str     0x0000000000024c93       0x41 ./src/bsp/device/RISCV/stubs/sbrk.o
                                       0x2875 (size before relaxing)
 .debug_str     0x0000000000024cd4      0x4c2 ./src/bsp/device/RISCV/stubs/write.o
                                      0x1d489 (size before relaxing)
 .debug_str     0x0000000000025196       0x42 ./src/bsp/device/RISCV/stubs/write_hex.o
                                       0x6c5b (size before relaxing)
 .debug_str     0x00000000000251d8      0x37b ./src/bsp/device/RISCV/drivers/n200_func.o
                                      0x22474 (size before relaxing)
 .debug_str     0x0000000000025553       0x4d ./src/bsp/device/RISCV/handlers.o
                                       0xd20b (size before relaxing)
 .debug_str     0x00000000000255a0       0x25 ./src/bsp/device/RISCV/init.o
                                      0x2233b (size before relaxing)
 .debug_str     0x00000000000255c5       0x2e ./src/bsp/bsp.o
                                      0x1cd81 (size before relaxing)
 .debug_str     0x00000000000255f3       0x4d ./src/ap/ap.o
                                      0x1d054 (size before relaxing)
 .debug_str     0x0000000000025640       0x20 ./src/main.o
                                      0x1d00d (size before relaxing)
 .debug_str     0x0000000000025660      0x3a4 d:/tools/gd32_risc_v/gcc/bin/../lib/gcc/riscv-nuclei-elf/9.2.0/rv32imac/ilp32\libgcc.a(divdf3.o)
                                        0x42f (size before relaxing)
 .debug_str     0x0000000000025a04       0x96 d:/tools/gd32_risc_v/gcc/bin/../lib/gcc/riscv-nuclei-elf/9.2.0/rv32imac/ilp32\libgcc.a(ledf2.o)
                                        0x2ab (size before relaxing)
 .debug_str     0x0000000000025a9a      0x17a d:/tools/gd32_risc_v/gcc/bin/../lib/gcc/riscv-nuclei-elf/9.2.0/rv32imac/ilp32\libgcc.a(muldf3.o)
                                        0x487 (size before relaxing)
 .debug_str     0x0000000000025c14       0x78 d:/tools/gd32_risc_v/gcc/bin/../lib/gcc/riscv-nuclei-elf/9.2.0/rv32imac/ilp32\libgcc.a(fixunsdfsi.o)
                                        0x283 (size before relaxing)
 .debug_str     0x0000000000025c8c      0x110 d:/tools/gd32_risc_v/gcc/bin/../lib/gcc/riscv-nuclei-elf/9.2.0/rv32imac/ilp32\libgcc.a(floatunsidf.o)
                                        0x317 (size before relaxing)
 .debug_str     0x0000000000025d9c       0x67 d:/tools/gd32_risc_v/gcc/bin/../lib/gcc/riscv-nuclei-elf/9.2.0/rv32imac/ilp32\libgcc.a(floatundidf.o)
                                        0x321 (size before relaxing)
 .debug_str     0x0000000000025e03      0x217 d:/tools/gd32_risc_v/gcc/bin/../lib/gcc/riscv-nuclei-elf/9.2.0/rv32imac/ilp32\libgcc.a(_lshrdi3.o)
                                        0x83d (size before relaxing)
 .debug_str     0x000000000002601a        0xa d:/tools/gd32_risc_v/gcc/bin/../lib/gcc/riscv-nuclei-elf/9.2.0/rv32imac/ilp32\libgcc.a(_ashldi3.o)
                                        0x83d (size before relaxing)
 .debug_str     0x0000000000026024        0xe d:/tools/gd32_risc_v/gcc/bin/../lib/gcc/riscv-nuclei-elf/9.2.0/rv32imac/ilp32\libgcc.a(_clzsi2.o)
                                        0x80b (size before relaxing)
 .debug_str     0x0000000000026032      0x7ee d:/tools/gd32_risc_v/gcc/bin/../lib/gcc/riscv-nuclei-elf/9.2.0/rv32imac/ilp32\libgcc.a(_clz.o)
 .debug_str     0x0000000000026032       0xb7 d:/tools/gd32_risc_v/gcc/bin/../lib/gcc/riscv-nuclei-elf/9.2.0/rv32imac/ilp32\libgcc.a(adddf3.o)
                                        0x36d (size before relaxing)
 .debug_str     0x00000000000260e9       0x53 d:/tools/gd32_risc_v/gcc/bin/../lib/gcc/riscv-nuclei-elf/9.2.0/rv32imac/ilp32\libgcc.a(eqdf2.o)
                                        0x287 (size before relaxing)
 .debug_str     0x000000000002613c       0x53 d:/tools/gd32_risc_v/gcc/bin/../lib/gcc/riscv-nuclei-elf/9.2.0/rv32imac/ilp32\libgcc.a(gedf2.o)
                                        0x2ab (size before relaxing)
 .debug_str     0x000000000002618f       0x55 d:/tools/gd32_risc_v/gcc/bin/../lib/gcc/riscv-nuclei-elf/9.2.0/rv32imac/ilp32\libgcc.a(subdf3.o)
                                        0x36d (size before relaxing)
 .debug_str     0x00000000000261e4       0x59 d:/tools/gd32_risc_v/gcc/bin/../lib/gcc/riscv-nuclei-elf/9.2.0/rv32imac/ilp32\libgcc.a(unorddf2.o)
                                        0x28d (size before relaxing)
 .debug_str     0x000000000002623d       0x57 d:/tools/gd32_risc_v/gcc/bin/../lib/gcc/riscv-nuclei-elf/9.2.0/rv32imac/ilp32\libgcc.a(fixdfsi.o)
                                        0x284 (size before relaxing)
 .debug_str     0x0000000000026294       0x5b d:/tools/gd32_risc_v/gcc/bin/../lib/gcc/riscv-nuclei-elf/9.2.0/rv32imac/ilp32\libgcc.a(floatsidf.o)
                                        0x31a (size before relaxing)
 .debug_str     0x00000000000262ef       0x80 d:/tools/gd32_risc_v/gcc/bin/../lib/gcc/riscv-nuclei-elf/9.2.0/rv32imac/ilp32\libgcc.a(lesf2.o)
                                        0x28f (size before relaxing)
 .debug_str     0x000000000002636f       0x59 d:/tools/gd32_risc_v/gcc/bin/../lib/gcc/riscv-nuclei-elf/9.2.0/rv32imac/ilp32\libgcc.a(unordsf2.o)
                                        0x271 (size before relaxing)
 .debug_str     0x00000000000263c8       0x85 d:/tools/gd32_risc_v/gcc/bin/../lib/gcc/riscv-nuclei-elf/9.2.0/rv32imac/ilp32\libgcc.a(truncdfsf2.o)
                                        0x306 (size before relaxing)

.comment        0x0000000000000000       0x11